ARM Linker, 5.03 [Build 76] [MDK-ARM Professional]

==============================================================================

Section Cross References

    pebbleserial.o(.text) refers to hdlc.o(.text) for hdlc_streaming_decode_start
    pebbleserial.o(.text) refers to pebbleserial.o(.data) for s_protocol
    pebbleserial.o(.text) refers to pebbleserial.o(.bss) for s_frame
    main.o(.text) refers to wait_api.o(i.wait_ms) for wait_ms
    main.o(.text) refers to bufferedserial.o(.text) for BufferedSerial::putc(int)
    main.o(.text) refers to analogin_api.o(i.analogin_read) for analogin_read
    main.o(.text) refers to fmul.o(.text) for __aeabi_fmul
    main.o(.text) refers to f2d.o(.text) for __aeabi_f2d
    main.o(.text) refers to dmul.o(.text) for __aeabi_dmul
    main.o(.text) refers to d2f.o(.text) for __aeabi_d2f
    main.o(.text) refers to main.o(i._ZN4mbed10DigitalOutaSEi) for mbed::DigitalOut::operator =(int)
    main.o(.text) refers to SerialBase.o(i._ZN4mbed10SerialBase4baudEi) for mbed::SerialBase::baud(int)
    main.o(.text) refers to wait_api.o(i.wait) for wait
    main.o(.text) refers to Stream.o(i._ZN4mbed6Stream6printfEPKcz) for mbed::Stream::printf(const char*, ...)
    main.o(.text) refers to pebbleserial.o(.text) for pebble_init
    main.o(.text) refers to I2C.o(i._ZN4mbed3I2C9frequencyEi) for mbed::I2C::frequency(int)
    main.o(.text) refers to memseta.o(.text) for __aeabi_memclr4
    main.o(.text) refers to memcpya.o(.text) for __aeabi_memcpy
    main.o(.text) refers to xadowgps.o(.text) for gps_check_online()
    main.o(.text) refers to xadownfc.o(.text) for nfc_check_online()
    main.o(.text) refers to strncpy.o(.text) for strncpy
    main.o(.text) refers to strlen.o(.text) for strlen
    main.o(.text) refers to idiv.o(.text) for __aeabi_idivmod
    main.o(.text) refers to main.o(.bss) for serial
    main.o(.text) refers to main.o(.data) for ain
    main.o(.text) refers to main.o(.constdata) for .constdata
    main.o(.text) refers to malloc.o(i.free) for free
    main.o(.text) refers to main.o(i._ZN4mbed10DigitalOutC1E7PinName) for mbed::DigitalOut::DigitalOut(PinName)
    main.o(.text) refers to analogin_api.o(i.analogin_init) for analogin_init
    main.o(.text) refers to main.o(i._ZN9USBSerialC1Etttb) for USBSerial::USBSerial(unsigned short, unsigned short, unsigned short, bool)
    main.o(.text) refers to aeabi_atexit.o(i.__aeabi_atexit) for __aeabi_atexit
    main.o(.text) refers to I2C.o(i._ZN4mbed3I2CC1E7PinNameS1_) for mbed::I2C::I2C(PinName, PinName)
    main.o(.text) refers to assert.o(i.mbed_assert_internal) for mbed_assert_internal
    main.o(.text) refers to main.o(i._ZN9USBSerialD1Ev) for USBSerial::~USBSerial()
    main.o(.ARM.exidx) refers to main.o(.text) for .text
    main.o(.constdata) refers to main.o(.text) for prv_pebble_write_byte(unsigned char)
    main.o(.init_array) refers to main.o(.text) for __sti___8_main_cpp
    main.o(.init_array) refers to cpp_init.o(.text) for __cpp_initialize__aeabi_
    usbaudio.o(.text) refers to usbdevice.o(.text) for USBDevice::USBDevice(unsigned short, unsigned short, unsigned short)
    usbaudio.o(.text) refers to uidiv.o(.text) for __aeabi_uidivmod
    usbaudio.o(.text) refers to f2d.o(.text) for __aeabi_f2d
    usbaudio.o(.text) refers to d2f.o(.text) for __aeabi_d2f
    usbaudio.o(.text) refers to usbhal_lpc11u.o(.text) for USBHAL::realiseEndpoint(unsigned char, unsigned, unsigned)
    usbaudio.o(.text) refers to cxa_guard_acquire.o(i.__cxa_guard_acquire) for __cxa_guard_acquire
    usbaudio.o(.text) refers to usbaudio.o(.constdata__ZTV8USBAudio) for vtable for USBAudio
    usbaudio.o(.text) refers to usbaudio.o(.data) for stringIproductDescriptor
    usbaudio.o(.text) refers to usbaudio.o(t._ZN4mbed19FunctionPointerArg1IvvE4callEv) for mbed::FunctionPointerArg1<void, void>::call()
    usbaudio.o(.text) refers to ffltui.o(.text) for __aeabi_ui2f
    usbaudio.o(.text) refers to fdiv.o(.text) for __aeabi_fdiv
    usbaudio.o(.ARM.exidx) refers to usbaudio.o(.text) for .text
    usbhal_lpc11u.o(.text) refers to uwrite4.o(.text) for __aeabi_uwrite4
    usbhal_lpc11u.o(.text) refers to wait_api.o(i.wait) for wait
    usbhal_lpc11u.o(.text) refers to cmsis_nvic.o(i.NVIC_SetVector) for NVIC_SetVector
    usbhal_lpc11u.o(.text) refers to uread4.o(.text) for __aeabi_uread4
    usbhal_lpc11u.o(.text) refers to usbhal_lpc11u.o(.data) for ep
    usbhal_lpc11u.o(.text) refers to usbhal_lpc11u.o(.constdata__ZTV6USBHAL) for vtable for USBHAL
    usbhal_lpc11u.o(.text) refers to usbhal_lpc11u.o(.constdata) for <Data1>
    usbhal_lpc11u.o(.text) refers to usbhal_lpc11u.o(.bss) for endpointState
    usbhal_lpc11u.o(.ARM.exidx) refers to usbhal_lpc11u.o(.text) for .text
    usbdevice.o(.text) refers to usbhal_lpc11u.o(.text) for USBHAL::USBHAL()
    usbdevice.o(.text) refers to cxa_guard_acquire.o(i.__cxa_guard_acquire) for __cxa_guard_acquire
[...]
    _printf_pre_padding                      0x00000000   Number         0  stubs.o ABSOLUTE
    _printf_return_value                     0x00000000   Number         0  stubs.o ABSOLUTE
    _printf_s                                0x00000000   Number         0  stubs.o ABSOLUTE
    _printf_sizespec                         0x00000000   Number         0  stubs.o ABSOLUTE
    _printf_str                              0x00000000   Number         0  stubs.o ABSOLUTE
    _printf_truncate_signed                  0x00000000   Number         0  stubs.o ABSOLUTE
    _printf_truncate_unsigned                0x00000000   Number         0  stubs.o ABSOLUTE
    _printf_u                                0x00000000   Number         0  stubs.o ABSOLUTE
    _printf_wc                               0x00000000   Number         0  stubs.o ABSOLUTE
    _printf_wctomb                           0x00000000   Number         0  stubs.o ABSOLUTE
    _printf_widthprec                        0x00000000   Number         0  stubs.o ABSOLUTE
    _printf_x                                0x00000000   Number         0  stubs.o ABSOLUTE
    __ARM::default_unexpected_handler()       - Undefined Weak Reference
    __ARM_exceptions_buffer_required          - Undefined Weak Reference
    _clock_init                               - Undefined Weak Reference
    _microlib_exit                            - Undefined Weak Reference
    __main                                   0x00000201   Thumb Code     0  entry.o(.ARM.Collect$$$$00000000)
    _main_stk                                0x00000201   Thumb Code     0  entry2.o(.ARM.Collect$$$$00000001)
    _main_scatterload                        0x00000205   Thumb Code     0  entry5.o(.ARM.Collect$$$$00000004)
    __main_after_scatterload                 0x00000209   Thumb Code     0  entry5.o(.ARM.Collect$$$$00000004)
    __use_full_stdio                         0x00000209   Thumb Code     0  entry6b.o(.ARM.Collect$$$$00000006)
    __main_after_initio                      0x0000020d   Thumb Code     0  entry6b.o(.ARM.Collect$$$$00000006)
    _main_clock                              0x0000020d   Thumb Code     0  entry7b.o(.ARM.Collect$$$$00000008)
    _main_cpp_init$empty                     0x0000020d   Thumb Code     0  entry8a.o(.ARM.Collect$$$$00000009)
    _main_cpp_init                           0x00000211   Thumb Code     0  entry8b.o(.ARM.Collect$$$$0000000A)
    _main_init                               0x00000211   Thumb Code     0  entry9a.o(.ARM.Collect$$$$0000000B)
    __rt_final_cpp                           0x00000219   Thumb Code     0  entry10a.o(.ARM.Collect$$$$0000000D)
    __rt_final_exit                          0x00000219   Thumb Code     0  entry11a.o(.ARM.Collect$$$$0000000F)
    hdlc_streaming_decode_start              0x0000021d   Thumb Code    10  hdlc.o(.text)
    hdlc_streaming_decode                    0x00000227   Thumb Code    70  hdlc.o(.text)
    hdlc_streaming_decode_finish             0x0000026d   Thumb Code    22  hdlc.o(.text)
    hdlc_encode                              0x00000283   Thumb Code    30  hdlc.o(.text)
    Reset_Handler                            0x000002a1   Thumb Code     8  startup_LPC11xx.o(.text)
    HardFault_Handler                        0x000002a9   Thumb Code     2  startup_LPC11xx.o(.text)
    MemManage_Handler                        0x000002ab   Thumb Code     2  startup_LPC11xx.o(.text)
    BusFault_Handler                         0x000002ad   Thumb Code     2  startup_LPC11xx.o(.text)
    UsageFault_Handler                       0x000002af   Thumb Code     2  startup_LPC11xx.o(.text)
    SVC_Handler                              0x000002b1   Thumb Code     2  startup_LPC11xx.o(.text)
    DebugMon_Handler                         0x000002b3   Thumb Code     2  startup_LPC11xx.o(.text)
    PendSV_Handler                           0x000002b5   Thumb Code     2  startup_LPC11xx.o(.text)
    SysTick_Handler                          0x000002b7   Thumb Code     2  startup_LPC11xx.o(.text)
    Reserved_IRQHandler                      0x000002b9   Thumb Code     2  startup_LPC11xx.o(.text)
    ADC_IRQHandler                           0x000002bb   Thumb Code     0  startup_LPC11xx.o(.text)
    BOD_IRQHandler                           0x000002bb   Thumb Code     0  startup_LPC11xx.o(.text)
    FLEX_INT0_IRQHandler                     0x000002bb   Thumb Code     0  startup_LPC11xx.o(.text)
    FLEX_INT1_IRQHandler                     0x000002bb   Thumb Code     0  startup_LPC11xx.o(.text)
    FLEX_INT2_IRQHandler                     0x000002bb   Thumb Code     0  startup_LPC11xx.o(.text)
    FLEX_INT3_IRQHandler                     0x000002bb   Thumb Code     0  startup_LPC11xx.o(.text)
    FLEX_INT4_IRQHandler                     0x000002bb   Thumb Code     0  startup_LPC11xx.o(.text)
    FLEX_INT5_IRQHandler                     0x000002bb   Thumb Code     0  startup_LPC11xx.o(.text)
    FLEX_INT6_IRQHandler                     0x000002bb   Thumb Code     0  startup_LPC11xx.o(.text)
    FLEX_INT7_IRQHandler                     0x000002bb   Thumb Code     0  startup_LPC11xx.o(.text)
    FMC_IRQHandler                           0x000002bb   Thumb Code     0  startup_LPC11xx.o(.text)
    GINT0_IRQHandler                         0x000002bb   Thumb Code     0  startup_LPC11xx.o(.text)
    GINT1_IRQHandler                         0x000002bb   Thumb Code     0  startup_LPC11xx.o(.text)
    I2C_IRQHandler                           0x000002bb   Thumb Code     0  startup_LPC11xx.o(.text)
    NMI_Handler                              0x000002bb   Thumb Code     0  startup_LPC11xx.o(.text)
    SSP0_IRQHandler                          0x000002bb   Thumb Code     0  startup_LPC11xx.o(.text)
    SSP1_IRQHandler                          0x000002bb   Thumb Code     0  startup_LPC11xx.o(.text)
    TIMER16_0_IRQHandler                     0x000002bb   Thumb Code     0  startup_LPC11xx.o(.text)
    TIMER16_1_IRQHandler                     0x000002bb   Thumb Code     0  startup_LPC11xx.o(.text)
    TIMER32_0_IRQHandler                     0x000002bb   Thumb Code     0  startup_LPC11xx.o(.text)
    TIMER32_1_IRQHandler                     0x000002bb   Thumb Code     0  startup_LPC11xx.o(.text)
    UART_IRQHandler                          0x000002bb   Thumb Code     0  startup_LPC11xx.o(.text)
    USBWakeup_IRQHandler                     0x000002bb   Thumb Code     0  startup_LPC11xx.o(.text)
    USB_FIQHandler                           0x000002bb   Thumb Code     0  startup_LPC11xx.o(.text)
    USB_IRQHandler                           0x000002bb   Thumb Code     0  startup_LPC11xx.o(.text)
    WDT_IRQHandler                           0x000002bb   Thumb Code     0  startup_LPC11xx.o(.text)
    _initio                                  0x000002c5   Thumb Code    20  initio_oe.o(.text)
    strlen                                   0x000002e5   Thumb Code    14  strlen.o(.text)
    __default_new_handler()                  0x000002f3   Thumb Code     8  arm_newhandler_noexceptions.o(.text)
    __I$use$fp                               0x000002fb   Thumb Code     0  iusefp.o(.text)
    __rt_lib_shutdown_cpp_1                  0x000002fb   Thumb Code     2  cpp_final.o(.text)
    pebble_init                              0x00000301   Thumb Code    26  pebbleserial.o(.text)
    pebble_prepare_for_read                  0x0000031b   Thumb Code    42  pebbleserial.o(.text)
    pebble_handle_byte                       0x00000345   Thumb Code   452  pebbleserial.o(.text)
    pebble_write                             0x000005a3   Thumb Code    20  pebbleserial.o(.text)
    pebble_handle_link_control               0x000005b7   Thumb Code    36  pebbleserial.o(.text)
    get_vbat()                               0x0000067b   Thumb Code    52  main.o(.text)
    $Super$$main                             0x000006af   Thumb Code  1410  main.o(.text)
    USBMemCopy(unsigned char*, unsigned char*, unsigned) 0x00000d81   Thumb Code    22  usbhal_lpc11u.o(.text)
    USBHAL::usbisr()                         0x00000df7   Thumb Code   386  usbhal_lpc11u.o(.text)
    USBHAL::_usbisr()                        0x00000f79   Thumb Code    12  usbhal_lpc11u.o(.text)
    USBHAL::USBHAL()                         0x00000f85   Thumb Code   278  usbhal_lpc11u.o(.text)
    USBHAL::USBHAL__sub_object()             0x00000f85   Thumb Code     0  usbhal_lpc11u.o(.text)
    USBHAL::~USBHAL()                        0x0000109b   Thumb Code    24  usbhal_lpc11u.o(.text)
    USBHAL::~USBHAL__sub_object()            0x0000109b   Thumb Code     0  usbhal_lpc11u.o(.text)
    USBHAL::connect()                        0x000010b3   Thumb Code    38  usbhal_lpc11u.o(.text)
    USBHAL::disconnect()                     0x000010d9   Thumb Code    34  usbhal_lpc11u.o(.text)
    USBHAL::configureDevice()                0x000010fb   Thumb Code     2  usbhal_lpc11u.o(.text)
    USBHAL::unconfigureDevice()              0x000010fd   Thumb Code     2  usbhal_lpc11u.o(.text)
    USBHAL::setAddress(unsigned char)        0x000010ff   Thumb Code    34  usbhal_lpc11u.o(.text)
    USBHAL::remoteWakeup()                   0x00001121   Thumb Code    16  usbhal_lpc11u.o(.text)
    USBHAL::EP0setup(unsigned char*)         0x00001131   Thumb Code    22  usbhal_lpc11u.o(.text)
    USBHAL::EP0read()                        0x00001147   Thumb Code    28  usbhal_lpc11u.o(.text)
    USBHAL::EP0readStage()                   0x00001163   Thumb Code     2  usbhal_lpc11u.o(.text)
    USBHAL::EP0getReadResult(unsigned char*) 0x00001165   Thumb Code   144  usbhal_lpc11u.o(.text)
    USBHAL::EP0write(unsigned char*, unsigned) 0x000011f5   Thumb Code    58  usbhal_lpc11u.o(.text)
    USBHAL::EP0getWriteResult()              0x0000122f   Thumb Code     2  usbhal_lpc11u.o(.text)
    USBHAL::EP0stall()                       0x00001231   Thumb Code    32  usbhal_lpc11u.o(.text)
    USBHAL::endpointRead(unsigned char, unsigned) 0x00001251   Thumb Code   110  usbhal_lpc11u.o(.text)
    USBHAL::endpointReadResult(unsigned char, unsigned char*, unsigned*) 0x000012bf   Thumb Code   132  usbhal_lpc11u.o(.text)
    USBHAL::endpointWrite(unsigned char, unsigned char*, unsigned) 0x00001343   Thumb Code   300  usbhal_lpc11u.o(.text)
    USBHAL::endpointWriteResult(unsigned char) 0x0000146f   Thumb Code   128  usbhal_lpc11u.o(.text)
    USBHAL::stallEndpoint(unsigned char)     0x000014ef   Thumb Code   188  usbhal_lpc11u.o(.text)
    USBHAL::unstallEndpoint(unsigned char)   0x000015ab   Thumb Code   284  usbhal_lpc11u.o(.text)
    USBHAL::realiseEndpoint(unsigned char, unsigned, unsigned) 0x000016c7   Thumb Code   210  usbhal_lpc11u.o(.text)
    USBHAL::getEndpointStallState(unsigned char) 0x00001799   Thumb Code   154  usbhal_lpc11u.o(.text)
    USBDevice::USBDevice(unsigned short, unsigned short, unsigned short) 0x00001859   Thumb Code    54  usbdevice.o(.text)
    USBDevice::USBDevice__sub_object(unsigned short, unsigned short, unsigned short) 0x00001859   Thumb Code     0  usbdevice.o(.text)
    USBDevice::configured()                  0x0000188f   Thumb Code    18  usbdevice.o(.text)
    USBDevice::connect(bool)                 0x000018a1   Thumb Code    30  usbdevice.o(.text)
    USBDevice::disconnect()                  0x000018bf   Thumb Code    28  usbdevice.o(.text)
    USBDevice::addEndpoint(unsigned char, unsigned) 0x000018db   Thumb Code    22  usbdevice.o(.text)
    USBDevice::readStart(unsigned char, unsigned) 0x000018f1   Thumb Code    28  usbdevice.o(.text)
    USBDevice::readEP(unsigned char, unsigned char*, unsigned*, unsigned) 0x0000190d   Thumb Code    66  usbdevice.o(.text)
    USBDevice::readEP_NB(unsigned char, unsigned char*, unsigned*, unsigned) 0x0000194f   Thumb Code    50  usbdevice.o(.text)
    USBDevice::write(unsigned char, unsigned char*, unsigned, unsigned) 0x00001981   Thumb Code    92  usbdevice.o(.text)
    USBDevice::writeNB(unsigned char, unsigned char*, unsigned, unsigned) 0x000019dd   Thumb Code    76  usbdevice.o(.text)
    USBDevice::deviceDesc()                  0x00001a29   Thumb Code   102  usbdevice.o(.text)
    USBDevice::stringLangidDesc()            0x00001a8f   Thumb Code     6  usbdevice.o(.text)
    USBDevice::stringImanufacturerDesc()     0x00001a95   Thumb Code     6  usbdevice.o(.text)
    USBDevice::stringIproductDesc()          0x00001a9b   Thumb Code     6  usbdevice.o(.text)
    USBDevice::stringIserialDesc()           0x00001aa1   Thumb Code     6  usbdevice.o(.text)
    USBDevice::stringIConfigurationDesc()    0x00001aa7   Thumb Code     6  usbdevice.o(.text)
    USBDevice::stringIinterfaceDesc()        0x00001aad   Thumb Code     6  usbdevice.o(.text)
    USBDevice::busReset()                    0x00001ab3   Thumb Code    30  usbdevice.o(.text)
    USBDevice::controlIn()                   0x00001ad1   Thumb Code   122  usbdevice.o(.text)
    USBDevice::requestSetInterface()         0x00001b4b   Thumb Code    48  usbdevice.o(.text)
    USBDevice::requestGetInterface()         0x00001b7b   Thumb Code    40  usbdevice.o(.text)
    USBDevice::requestSetConfiguration()     0x00001ba3   Thumb Code    70  usbdevice.o(.text)
    USBDevice::requestGetConfiguration()     0x00001be9   Thumb Code    20  usbdevice.o(.text)
    USBDevice::requestGetDescriptor()        0x00001bfd   Thumb Code   440  usbdevice.o(.text)
    USBDevice::requestSetAddress()           0x00001db5   Thumb Code    40  usbdevice.o(.text)
    USBDevice::requestSetFeature()           0x00001ddd   Thumb Code    88  usbdevice.o(.text)
    USBDevice::requestClearFeature()         0x00001e35   Thumb Code    88  usbdevice.o(.text)
    USBDevice::requestGetStatus()            0x00001e8d   Thumb Code   138  usbdevice.o(.text)
    USBDevice::requestSetup()                0x00001f17   Thumb Code   140  usbdevice.o(.text)
    USBDevice::decodeSetupPacket(unsigned char*, SETUP_PACKET*) 0x00001fa3   Thumb Code    66  usbdevice.o(.text)
    USBDevice::controlSetup()                0x00001fe5   Thumb Code   228  usbdevice.o(.text)
    USBDevice::EP0setupCallback()            0x000020c9   Thumb Code    22  usbdevice.o(.text)
    USBDevice::controlOut()                  0x000020df   Thumb Code   106  usbdevice.o(.text)
    USBDevice::EP0out()                      0x00002149   Thumb Code    22  usbdevice.o(.text)
    USBDevice::EP0in()                       0x0000215f   Thumb Code    22  usbdevice.o(.text)
    USBDevice::connectStateChanged(unsigned) 0x00002175   Thumb Code     2  usbdevice.o(.text)
    USBDevice::suspendStateChanged(unsigned) 0x00002177   Thumb Code     2  usbdevice.o(.text)
    USBDevice::findDescriptor(unsigned char) 0x00002179   Thumb Code   134  usbdevice.o(.text)
    USBDevice::getTransferPtr()              0x000021ff   Thumb Code     8  usbdevice.o(.text)
    USBDevice::addRateFeedbackEndpoint(unsigned char, unsigned) 0x00002207   Thumb Code    22  usbdevice.o(.text)
    USBSerial::_putc(int)                    0x00002221   Thumb Code    28  usbserial.o(.text)
    thunk{-108} to USBSerial::_putc(int)     0x0000223d   Thumb Code    18  usbserial.o(.text)
    USBSerial::_getc()                       0x0000224f   Thumb Code    70  usbserial.o(.text)
    thunk{-108} to USBSerial::_getc()        0x00002295   Thumb Code    14  usbserial.o(.text)
    USBSerial::available()                   0x000022a3   Thumb Code    36  usbserial.o(.text)
    USBSerial::writeBlock(unsigned char*, unsigned short) 0x000022c7   Thumb Code    36  usbserial.o(.text)
    USBSerial::EP2_OUT_callback()            0x000022eb   Thumb Code    96  usbserial.o(.text)
    USBCDC::USBCDC(unsigned short, unsigned short, unsigned short, bool) 0x0000234d   Thumb Code    46  usbcdc.o(.text)
    USBCDC::USBCDC__sub_object(unsigned short, unsigned short, unsigned short, bool) 0x0000234d   Thumb Code     0  usbcdc.o(.text)
    USBCDC::deviceDesc()                     0x0000237b   Thumb Code    80  usbcdc.o(.text)
    USBCDC::stringIproductDesc()             0x000023cb   Thumb Code     6  usbcdc.o(.text)
    USBCDC::stringIinterfaceDesc()           0x000023d1   Thumb Code     6  usbcdc.o(.text)
    USBCDC::configurationDesc()              0x000023d7   Thumb Code     6  usbcdc.o(.text)
    USBCDC::send(unsigned char*, unsigned)   0x000023dd   Thumb Code    26  usbcdc.o(.text)
    USBCDC::readEP(unsigned char*, unsigned*) 0x000023f7   Thumb Code    50  usbcdc.o(.text)
    USBCDC::readEP_NB(unsigned char*, unsigned*) 0x00002429   Thumb Code    50  usbcdc.o(.text)
    USBCDC::USBCallback_request()            0x0000245b   Thumb Code    98  usbcdc.o(.text)
    USBCDC::USBCallback_requestCompleted(unsigned char*, unsigned) 0x000024bd   Thumb Code   120  usbcdc.o(.text)
    USBCDC::USBCallback_setConfiguration(unsigned char) 0x00002535   Thumb Code    58  usbcdc.o(.text)
    BufferedSerial::rxIrq()                  0x0000258d   Thumb Code    34  bufferedserial.o(.text)
    BufferedSerial::txIrq()                  0x000025af   Thumb Code    64  bufferedserial.o(.text)
    BufferedSerial::prime()                  0x000025ef   Thumb Code    48  bufferedserial.o(.text)
    BufferedSerial::BufferedSerial(PinName, PinName, unsigned, unsigned, const char*) 0x0000261f   Thumb Code    86  bufferedserial.o(.text)
    BufferedSerial::BufferedSerial__sub_object(PinName, PinName, unsigned, unsigned, const char*) 0x0000261f   Thumb Code     0  bufferedserial.o(.text)
    BufferedSerial::~BufferedSerial()        0x00002675   Thumb Code    62  bufferedserial.o(.text)
    BufferedSerial::~BufferedSerial__sub_object() 0x00002675   Thumb Code     0  bufferedserial.o(.text)
    BufferedSerial::~BufferedSerial__deallocating() 0x000026b3   Thumb Code    18  bufferedserial.o(.text)
    BufferedSerial::readable()               0x000026c5   Thumb Code    14  bufferedserial.o(.text)
    BufferedSerial::writeable()              0x000026d3   Thumb Code     6  bufferedserial.o(.text)
    BufferedSerial::getc()                   0x000026d9   Thumb Code    16  bufferedserial.o(.text)
    BufferedSerial::putc(int)                0x000026e9   Thumb Code    26  bufferedserial.o(.text)
    BufferedSerial::puts(const char*)        0x00002703   Thumb Code    58  bufferedserial.o(.text)
    BufferedSerial::write(const void*, unsigned) 0x0000273d   Thumb Code    56  bufferedserial.o(.text)
    BufferedSerial::printf(const char*, ...) 0x00002775   Thumb Code   112  bufferedserial.o(.text)
    gps_check_online()                       0x00002851   Thumb Code    68  xadowgps.o(.text)
    gps_get_utc_date_time()                  0x00002895   Thumb Code    80  xadowgps.o(.text)
    gps_get_status()                         0x000028e5   Thumb Code    60  xadowgps.o(.text)
    gps_get_latitude()                       0x00002921   Thumb Code    72  xadowgps.o(.text)
    gps_get_ns()                             0x00002969   Thumb Code    84  xadowgps.o(.text)
    gps_get_longitude()                      0x000029bd   Thumb Code    72  xadowgps.o(.text)
    gps_get_ew()                             0x00002a05   Thumb Code    84  xadowgps.o(.text)
    gps_get_speed()                          0x00002a59   Thumb Code    70  xadowgps.o(.text)
    gps_get_course()                         0x00002a9f   Thumb Code    70  xadowgps.o(.text)
    gps_get_position_fix()                   0x00002ae5   Thumb Code    64  xadowgps.o(.text)
    gps_get_sate_used()                      0x00002b25   Thumb Code   120  xadowgps.o(.text)
    gps_get_altitude()                       0x00002b9d   Thumb Code    72  xadowgps.o(.text)
    gps_get_mode()                           0x00002be5   Thumb Code    60  xadowgps.o(.text)
    gps_get_mode2()                          0x00002c21   Thumb Code    76  xadowgps.o(.text)
    nfc_check_online()                       0x00002c71   Thumb Code    88  xadownfc.o(.text)
    nfc_adapter_init()                       0x00002cc9   Thumb Code    46  xadownfc.o(.text)
    nfc_adapter_get_uid()                    0x00002cf7   Thumb Code   126  xadownfc.o(.text)
    nfc_adapter_read()                       0x00002d75   Thumb Code   138  xadownfc.o(.text)
    nfc_adapter_write(char*)                 0x00002dff   Thumb Code    86  xadownfc.o(.text)
    nfc_adapter_erase()                      0x00002e55   Thumb Code    46  xadownfc.o(.text)
    nfc_emulate_init(unsigned char*)         0x00002e83   Thumb Code    78  xadownfc.o(.text)
    fputc                                    0x00002edd   Thumb Code    42  fputc_fp.o(.text)
    fflush                                   0x00002f07   Thumb Code    38  fflush_fe.o(.text)
    __aeabi_uidiv                            0x00002f2d   Thumb Code     0  uidiv.o(.text)
    __aeabi_uidivmod                         0x00002f2d   Thumb Code    44  uidiv.o(.text)
    __aeabi_idiv                             0x00002f59   Thumb Code     0  idiv.o(.text)
    __aeabi_idivmod                          0x00002f59   Thumb Code    40  idiv.o(.text)
    __aeabi_uldivmod                         0x00002f81   Thumb Code    96  uldiv.o(.text)
    __aeabi_memcpy                           0x00002fe1   Thumb Code    36  memcpya.o(.text)
    __aeabi_memcpy4                          0x00002fe1   Thumb Code     0  memcpya.o(.text)
    __aeabi_memcpy8                          0x00002fe1   Thumb Code     0  memcpya.o(.text)
    __aeabi_memset                           0x00003005   Thumb Code    14  memseta.o(.text)
    __aeabi_memset4                          0x00003005   Thumb Code     0  memseta.o(.text)
    __aeabi_memset8                          0x00003005   Thumb Code     0  memseta.o(.text)
    __aeabi_memclr                           0x00003013   Thumb Code     4  memseta.o(.text)
    __aeabi_memclr4                          0x00003013   Thumb Code     0  memseta.o(.text)
    __aeabi_memclr8                          0x00003013   Thumb Code     0  memseta.o(.text)
    _memset$wrapper                          0x00003017   Thumb Code    18  memseta.o(.text)
    strncpy                                  0x00003029   Thumb Code    26  strncpy.o(.text)
    strcmp                                   0x00003043   Thumb Code    28  strcmp.o(.text)
    memcmp                                   0x0000305f   Thumb Code    26  memcmp.o(.text)
    strncmp                                  0x00003079   Thumb Code    30  strncmp.o(.text)
    __aeabi_uread4                           0x00003097   Thumb Code    20  uread4.o(.text)
    __rt_uread4                              0x00003097   Thumb Code     0  uread4.o(.text)
    _uread4                                  0x00003097   Thumb Code     0  uread4.o(.text)
    __aeabi_uwrite4                          0x000030ab   Thumb Code    18  uwrite4.o(.text)
    __rt_uwrite4                             0x000030ab   Thumb Code     0  uwrite4.o(.text)
    _uwrite4                                 0x000030ab   Thumb Code     0  uwrite4.o(.text)
    __0sscanf                                0x000030bd   Thumb Code    50  __0sscanf.o(.text)
    _scanf_int                               0x000030f9   Thumb Code   330  _scanf_int.o(.text)
    __cpp_initialize__aeabi_                 0x00003245   Thumb Code    22  cpp_init.o(.text)
    __aeabi_fmul                             0x00003265   Thumb Code   122  fmul.o(.text)
    __aeabi_dmul                             0x000032e1   Thumb Code   202  dmul.o(.text)
    __aeabi_ui2f                             0x000033b1   Thumb Code    14  ffltui.o(.text)
    __aeabi_f2iz                             0x000033bf   Thumb Code    50  ffixi.o(.text)
    __aeabi_f2d                              0x000033f1   Thumb Code    40  f2d.o(.text)
    __aeabi_d2f                              0x00003419   Thumb Code    56  d2f.o(.text)
    __aeabi_llsl                             0x00003451   Thumb Code    32  llshl.o(.text)
    _ll_shift_l                              0x00003451   Thumb Code     0  llshl.o(.text)
    __aeabi_llsr                             0x00003471   Thumb Code    34  llushr.o(.text)
    _ll_ushift_r                             0x00003471   Thumb Code     0  llushr.o(.text)
    _chval                                   0x00003493   Thumb Code    30  _chval.o(.text)
    _scanf_real                              0x000035a7   Thumb Code     0  scanf_fp.o(.text)
    _scanf_really_real                       0x000035a7   Thumb Code   586  scanf_fp.o(.text)
    __vfscanf_char                           0x00003809   Thumb Code    24  scanf_char.o(.text)
    _sgetc                                   0x00003829   Thumb Code    32  _sgetc.o(.text)
    _sbackspace                              0x00003849   Thumb Code    36  _sgetc.o(.text)
    __strtod_int                             0x000038a3   Thumb Code    92  strtod.o(.text)
    __rt_ddtor_pointer_addr                  0x00003911   Thumb Code     4  cpp_dtor.o(.text)
    __rt_new_handler_addr                    0x00003919   Thumb Code     4  cpp_memory.o(.text)
    __aeabi_unwind_cpp_pr0                   0x00003921   Thumb Code     4  cpp_unwinder.o(.text)
    __aeabi_unwind_cpp_pr1                   0x00003925   Thumb Code     4  cpp_unwinder.o(.text)
    _Unwind_DeleteException                  0x00003929   Thumb Code     2  cpp_unwinder.o(.text)
    _Unwind_Activity                         0x0000392b   Thumb Code     2  cpp_unwinder.o(.text)
    _Unwind_RaiseException                   0x0000392d   Thumb Code     4  cpp_unwinder.o(.text)
    __rt_eh_globals_addr                     0x00003931   Thumb Code    10  cpp_unwinder.o(.text)
    _float_round                             0x00003941   Thumb Code    16  fepilogue.o(.text)
    _float_epilogue                          0x00003951   Thumb Code   116  fepilogue.o(.text)
    _double_round                            0x000039c5   Thumb Code    26  depilogue.o(.text)
    _double_epilogue                         0x000039df   Thumb Code   166  depilogue.o(.text)
    __aeabi_dadd                             0x00003a85   Thumb Code   326  dadd.o(.text)
    __aeabi_dsub                             0x00003bcb   Thumb Code    12  dadd.o(.text)
    __aeabi_drsub                            0x00003bd7   Thumb Code    12  dadd.o(.text)
    __aeabi_ddiv                             0x00003be9   Thumb Code   234  ddiv.o(.text)
    __aeabi_d2ulz                            0x00003cd9   Thumb Code    54  dfixul.o(.text)
    __aeabi_cdrcmple                         0x00003d19   Thumb Code    38  cdrcmple.o(.text)
    std::terminate()                         0x00003d41   Thumb Code    28  arm_exceptions_terminate.o(.text)
    __scatterload                            0x00003d5d   Thumb Code    28  init.o(.text)
    __scatterload_rt2                        0x00003d5d   Thumb Code     0  init.o(.text)
    __aeabi_lmul                             0x00003d81   Thumb Code   122  llmul.o(.text)
    _ll_mul                                  0x00003d81   Thumb Code     0  llmul.o(.text)
    __aeabi_lasr                             0x00003dfb   Thumb Code    38  llsshr.o(.text)
    _ll_sshift_r                             0x00003dfb   Thumb Code     0  llsshr.o(.text)
    isspace                                  0x00003e21   Thumb Code    14  isspace_c.o(.text)
    __vfscanf                                0x00003e31   Thumb Code   806  _scanf.o(.text)
    __aeabi_ul2d                             0x00004165   Thumb Code    22  dfltul.o(.text)
    __cxa_get_globals                        0x00004187   Thumb Code    66  arm_exceptions_globs.o(.text)
    __ctype_lookup                           0x000041d5   Thumb Code    32  ctype_c.o(.text)
    __ARM_exceptions_buffer_init             0x000041f9   Thumb Code    18  arm_exceptions_mem.o(.text)
    __ARM_exceptions_buffer_allocate         0x0000420b   Thumb Code    26  arm_exceptions_mem.o(.text)
    __ARM_exceptions_buffer_free             0x00004225   Thumb Code    22  arm_exceptions_mem.o(.text)
    __decompress                             0x0000423b   Thumb Code     0  __dczerorl2.o(.text)
    __decompress1                            0x0000423b   Thumb Code    86  __dczerorl2.o(.text)
    main                                     0x00004291   Thumb Code    16  retarget.o(i.$Sub$$main)
    NVIC_SetVector                           0x000042a9   Thumb Code    62  cmsis_nvic.o(i.NVIC_SetVector)
    SystemInit                               0x000042f1   Thumb Code   150  system_LPC11Uxx.o(i.SystemInit)
    mbed::DigitalOut::DigitalOut(PinName)    0x0000439d   Thumb Code    26  main.o(i._ZN4mbed10DigitalOutC1E7PinName)
    mbed::DigitalOut::DigitalOut__sub_object(PinName) 0x0000439d   Thumb Code     0  main.o(i._ZN4mbed10DigitalOutC1E7PinName)
    mbed::DigitalOut::operator =(int)        0x000043b7   Thumb Code    22  main.o(i._ZN4mbed10DigitalOutaSEi)
    mbed::FileHandle::~FileHandle()          0x000043cd   Thumb Code     0  retarget.o(i._ZN4mbed10FileHandleD2Ev)
    mbed::FileHandle::~FileHandle__sub_object() 0x000043cd   Thumb Code    34  retarget.o(i._ZN4mbed10FileHandleD2Ev)
    mbed::SerialBase::_irq_handler(unsigned, SerialIrq) 0x000043f9   Thumb Code    46  SerialBase.o(i._ZN4mbed10SerialBase12_irq_handlerEj9SerialIrq)
    mbed::SerialBase::baud(int)              0x00004427   Thumb Code    16  SerialBase.o(i._ZN4mbed10SerialBase4baudEi)
    mbed::SerialBase::attach(void(*)(), mbed::SerialBase::IrqType) 0x00004437   Thumb Code    44  SerialBase.o(i._ZN4mbed10SerialBase6attachEPFvvENS0_7IrqTypeE)
    mbed::SerialBase::SerialBase(PinName, PinName) 0x00004465   Thumb Code    62  SerialBase.o(i._ZN4mbed10SerialBaseC1E7PinNameS1_)
    mbed::SerialBase::SerialBase__sub_object(PinName, PinName) 0x00004465   Thumb Code     0  SerialBase.o(i._ZN4mbed10SerialBaseC1E7PinNameS1_)
    mbed::mbed_set_unbuffered_stream(std::__FILE*) 0x000044b1   Thumb Code    10  retarget.o(i._ZN4mbed26mbed_set_unbuffered_streamEPSt6__FILE)
    mbed::I2C::read(int, char*, int, bool)   0x000044bd   Thumb Code    62  I2C.o(i._ZN4mbed3I2C4readEiPcib)
    mbed::I2C::write(int, const char*, int, bool) 0x00004501   Thumb Code    62  I2C.o(i._ZN4mbed3I2C5writeEiPKcib)
    mbed::I2C::frequency(int)                0x00004545   Thumb Code    16  I2C.o(i._ZN4mbed3I2C9frequencyEi)
    mbed::I2C::I2C(PinName, PinName)         0x00004559   Thumb Code    26  I2C.o(i._ZN4mbed3I2CC1E7PinNameS1_)
    mbed::I2C::I2C__sub_object(PinName, PinName) 0x00004559   Thumb Code     0  I2C.o(i._ZN4mbed3I2CC1E7PinNameS1_)
    mbed::Stream::close()                    0x0000457d   Thumb Code     4  Stream.o(i._ZN4mbed6Stream5closeEv)
    mbed::Stream::fsync()                    0x00004581   Thumb Code     4  Stream.o(i._ZN4mbed6Stream5fsyncEv)
    mbed::Stream::lseek(long, int)           0x00004585   Thumb Code     4  Stream.o(i._ZN4mbed6Stream5lseekEli)
    mbed::Stream::write(const void*, unsigned) 0x00004589   Thumb Code    38  Stream.o(i._ZN4mbed6Stream5writeEPKvj)
    mbed::Stream::printf(const char*, ...)   0x000045af   Thumb Code    32  Stream.o(i._ZN4mbed6Stream6printfEPKcz)
    mbed::Stream::Stream__sub_object(const char*) 0x000045d1   Thumb Code    52  Stream.o(i._ZN4mbed6StreamC2EPKc)
    mbed::Stream::~Stream()                  0x00004615   Thumb Code     0  Stream.o(i._ZN4mbed6StreamD2Ev)
    mbed::Stream::~Stream__sub_object()      0x00004615   Thumb Code    26  Stream.o(i._ZN4mbed6StreamD2Ev)
    mbed::FileBase::getPathType()            0x00004639   Thumb Code     4  FileBase.o(i._ZN4mbed8FileBase11getPathTypeEv)
    mbed::FileBase::lookup(const char*, unsigned) 0x0000463d   Thumb Code    56  FileBase.o(i._ZN4mbed8FileBase6lookupEPKcj)
    mbed::FileBase::FileBase(const char*, mbed::PathType) 0x00004679   Thumb Code    26  FileBase.o(i._ZN4mbed8FileBaseC1EPKcNS_8PathTypeE)
    mbed::FileBase::FileBase__sub_object(const char*, mbed::PathType) 0x00004679   Thumb Code     0  FileBase.o(i._ZN4mbed8FileBaseC1EPKcNS_8PathTypeE)
    mbed::FileBase::~FileBase()              0x0000469d   Thumb Code    44  FileBase.o(i._ZN4mbed8FileBaseD1Ev)
    mbed::FileBase::~FileBase__sub_object()  0x0000469d   Thumb Code     0  FileBase.o(i._ZN4mbed8FileBaseD1Ev)
    mbed::FileLike::FileLike__sub_object(const char*) 0x000046d1   Thumb Code    24  FileLike.o(i._ZN4mbed8FileLikeC2EPKc)
    mbed::FileLike::~FileLike()              0x000046f5   Thumb Code     0  FileLike.o(i._ZN4mbed8FileLikeD2Ev)
    mbed::FileLike::~FileLike__sub_object()  0x000046f5   Thumb Code    16  FileLike.o(i._ZN4mbed8FileLikeD2Ev)
    mbed::FilePath::fileSystem()             0x00004705   Thumb Code    26  FilePath.o(i._ZN4mbed8FilePath10fileSystemEv)
    mbed::FilePath::file()                   0x0000471f   Thumb Code    32  FilePath.o(i._ZN4mbed8FilePath4fileEv)
    mbed::FilePath::exists()                 0x0000473f   Thumb Code    10  FilePath.o(i._ZN4mbed8FilePath6existsEv)
    mbed::FilePath::isFile()                 0x00004749   Thumb Code    24  FilePath.o(i._ZN4mbed8FilePath6isFileEv)
    mbed::FilePath::fileName()               0x00004761   Thumb Code     4  FilePath.o(i._ZN4mbed8FilePath8fileNameEv)
    mbed::FilePath::FilePath(const char*)    0x00004765   Thumb Code    68  FilePath.o(i._ZN4mbed8FilePathC1EPKc)
    mbed::FilePath::FilePath__sub_object(const char*) 0x00004765   Thumb Code     0  FilePath.o(i._ZN4mbed8FilePathC1EPKc)
    mbed::RawSerial::RawSerial(PinName, PinName) 0x000047a9   Thumb Code    12  RawSerial.o(i._ZN4mbed9RawSerialC1E7PinNameS1_)
    mbed::RawSerial::RawSerial__sub_object(PinName, PinName) 0x000047a9   Thumb Code     0  RawSerial.o(i._ZN4mbed9RawSerialC1E7PinNameS1_)
    USBCDC::lineCodingChanged(int, int, int, int) 0x000047b9   Thumb Code     6  usbcdc.o(i._ZN6USBCDC17lineCodingChangedEiiii)
    USBHAL::EP1_IN_callback()                0x000047bf   Thumb Code     6  usbaudio.o(i._ZN6USBHAL15EP1_IN_callbackEv)
    USBHAL::EP2_IN_callback()                0x000047c5   Thumb Code     6  usbaudio.o(i._ZN6USBHAL15EP2_IN_callbackEv)
    USBHAL::EP3_IN_callback()                0x000047cb   Thumb Code     6  usbhal_lpc11u.o(i._ZN6USBHAL15EP3_IN_callbackEv)
    USBHAL::EP4_IN_callback()                0x000047d1   Thumb Code     6  usbaudio.o(i._ZN6USBHAL15EP4_IN_callbackEv)
    USBHAL::EP0setupCallback()               0x000047d7   Thumb Code     2  usbhal_lpc11u.o(i._ZN6USBHAL16EP0setupCallbackEv)
    USBHAL::EP1_OUT_callback()               0x000047d9   Thumb Code     6  usbaudio.o(i._ZN6USBHAL16EP1_OUT_callbackEv)
    USBHAL::EP2_OUT_callback()               0x000047df   Thumb Code     6  usbaudio.o(i._ZN6USBHAL16EP2_OUT_callbackEv)
    USBHAL::EP3_OUT_callback()               0x000047e5   Thumb Code     6  usbhal_lpc11u.o(i._ZN6USBHAL16EP3_OUT_callbackEv)
    USBHAL::EP4_OUT_callback()               0x000047eb   Thumb Code     6  usbaudio.o(i._ZN6USBHAL16EP4_OUT_callbackEv)
    USBHAL::suspendStateChanged(unsigned)    0x000047f1   Thumb Code     2  usbhal_lpc11u.o(i._ZN6USBHAL19suspendStateChangedEj)
    USBHAL::SOF(int)                         0x000047f3   Thumb Code     2  usbhal_lpc11u.o(i._ZN6USBHAL3SOFEi)
    USBHAL::EP0in()                          0x000047f5   Thumb Code     2  usbhal_lpc11u.o(i._ZN6USBHAL5EP0inEv)
    USBHAL::EP0out()                         0x000047f7   Thumb Code     2  usbhal_lpc11u.o(i._ZN6USBHAL6EP0outEv)
    USBHAL::busReset()                       0x000047f9   Thumb Code     2  usbhal_lpc11u.o(i._ZN6USBHAL8busResetEv)
    USBDevice::configurationDesc()           0x000047fb   Thumb Code     6  usbdevice.o(i._ZN9USBDevice17configurationDescEv)
    USBDevice::USBCallback_request()         0x00004801   Thumb Code     6  usbdevice.o(i._ZN9USBDevice19USBCallback_requestEv)
    USBDevice::USBCallback_busReset()        0x00004807   Thumb Code     2  usbaudio.o(i._ZN9USBDevice20USBCallback_busResetEv)
    USBDevice::USBCallback_setInterface(unsigned short, unsigned char) 0x00004809   Thumb Code     6  usbdevice.o(i._ZN9USBDevice24USBCallback_setInterfaceEth)
    USBDevice::USBCallback_requestCompleted(unsigned char*, unsigned) 0x0000480f   Thumb Code     2  usbdevice.o(i._ZN9USBDevice28USBCallback_requestCompletedEPhj)
    USBDevice::USBCallback_setConfiguration(unsigned char) 0x00004811   Thumb Code     6  usbdevice.o(i._ZN9USBDevice28USBCallback_setConfigurationEh)
    USBSerial::lineCodingChanged(int, int, int, int) 0x00004817   Thumb Code    40  usbserial.o(i._ZN9USBSerial17lineCodingChangedEiiii)
    USBSerial::USBSerial(unsigned short, unsigned short, unsigned short, bool) 0x00004841   Thumb Code   102  main.o(i._ZN9USBSerialC1Etttb)
    USBSerial::USBSerial__sub_object(unsigned short, unsigned short, unsigned short, bool) 0x00004841   Thumb Code     0  main.o(i._ZN9USBSerialC1Etttb)
    USBSerial::~USBSerial()                  0x000048ad   Thumb Code    30  main.o(i._ZN9USBSerialD1Ev)
    USBSerial::~USBSerial__sub_object()      0x000048ad   Thumb Code     0  main.o(i._ZN9USBSerialD1Ev)
    operator delete[] (void*)                0x000048cb   Thumb Code     8  array_del.o(i._ZdaPv)
    operator delete (void*)                  0x000048d3   Thumb Code     8  delete.o(i._ZdlPv)
    operator new[] (unsigned)                0x000048db   Thumb Code     8  array_new.o(i._Znaj)
    operator new(unsigned)                   0x000048e5   Thumb Code    36  new.o(i._Znwj)
    __0sprintf                               0x0000490d   Thumb Code    36  printfa.o(i.__0sprintf)
    __1sprintf                               0x0000490d   Thumb Code     0  printfa.o(i.__0sprintf)
    __2sprintf                               0x0000490d   Thumb Code     0  printfa.o(i.__0sprintf)
    __c89sprintf                             0x0000490d   Thumb Code     0  printfa.o(i.__0sprintf)
    sprintf                                  0x0000490d   Thumb Code     0  printfa.o(i.__0sprintf)
    __0vfprintf                              0x00004935   Thumb Code    20  printfa.o(i.__0vfprintf)
    __1vfprintf                              0x00004935   Thumb Code     0  printfa.o(i.__0vfprintf)
    __2vfprintf                              0x00004935   Thumb Code     0  printfa.o(i.__0vfprintf)
    __c89vfprintf                            0x00004935   Thumb Code     0  printfa.o(i.__0vfprintf)
    vfprintf                                 0x00004935   Thumb Code     0  printfa.o(i.__0vfprintf)
    __0vsprintf                              0x0000494d   Thumb Code    30  printfa.o(i.__0vsprintf)
    __1vsprintf                              0x0000494d   Thumb Code     0  printfa.o(i.__0vsprintf)
    __2vsprintf                              0x0000494d   Thumb Code     0  printfa.o(i.__0vsprintf)
    __c89vsprintf                            0x0000494d   Thumb Code     0  printfa.o(i.__0vsprintf)
    vsprintf                                 0x0000494d   Thumb Code     0  printfa.o(i.__0vsprintf)
    __ARM_clz                                0x00004971   Thumb Code    46  depilogue.o(i.__ARM_clz)
    __ARM_common_switch8                     0x0000499f   Thumb Code    28  usbdevice.o(i.__ARM_common_switch8)
    __aeabi_atexit                           0x000049bb   Thumb Code    44  aeabi_atexit.o(i.__aeabi_atexit)
    __aeabi_vec_ctor_nocookie_nodtor         0x000049e7   Thumb Code    32  aeabi_vec_ctor_nocookie_nodtor.o(i.__aeabi_vec_ctor_nocookie_nodtor)
    __cxa_finalize                           0x00004a07   Thumb Code    66  cxa_finalize.o(i.__cxa_finalize)
    __cxa_guard_acquire                      0x00004a49   Thumb Code    18  cxa_guard_acquire.o(i.__cxa_guard_acquire)
    __cxa_pure_virtual                       0x00004a5b   Thumb Code    10  pure_virt.o(i.__cxa_pure_virtual)
    __read_errno                             0x00004a65   Thumb Code     6  errno.o(i.__read_errno)
    __scatterload_copy                       0x00004a71   Thumb Code    14  handlers.o(i.__scatterload_copy)
    __scatterload_null                       0x00004a7f   Thumb Code     2  handlers.o(i.__scatterload_null)
    __scatterload_zeroinit                   0x00004a81   Thumb Code    14  handlers.o(i.__scatterload_zeroinit)
    __set_errno                              0x00004a91   Thumb Code     6  errno.o(i.__set_errno)
    fclose                                   0x00004a9d   Thumb Code    10  fclose_f.o(i._fclose$full)
    fopen                                    0x00004aa7   Thumb Code    38  fopen_f.o(i._fopen$full)
    freopen                                  0x00004c25   Thumb Code    96  fopen_f.o(i._freopen$full)
    _is_digit                                0x00004c85   Thumb Code    14  scanf_fp.o(i._is_digit)
    _sys_close                               0x000053e5   Thumb Code    38  retarget.o(i._sys_close)
    _sys_ensure                              0x00005411   Thumb Code    34  retarget.o(i._sys_ensure)
    _sys_open                                0x00005439   Thumb Code   210  retarget.o(i._sys_open)
    _sys_seek                                0x0000551d   Thumb Code    36  retarget.o(i._sys_seek)
    _sys_write                               0x00005545   Thumb Code    84  retarget.o(i._sys_write)
    analogin_init                            0x000055a5   Thumb Code   106  analogin_api.o(i.analogin_init)
    analogin_read                            0x0000564d   Thumb Code   170  analogin_api.o(i.analogin_read)
    atof                                     0x00005701   Thumb Code    42  atof.o(i.atof)
    error                                    0x0000572d   Thumb Code    20  error.o(i.error)
    exit                                     0x00005745   Thumb Code    36  retarget.o(i.exit)
    free                                     0x00005771   Thumb Code    80  malloc.o(i.free)
    gpio_dir                                 0x000057c5   Thumb Code    54  gpio_api.o(i.gpio_dir)
    gpio_init                                0x00005819   Thumb Code    92  gpio_api.o(i.gpio_init)
    gpio_init_out                            0x00005885   Thumb Code    56  gpio.o(i.gpio_init_out)
    gpio_mode                                0x000058c5   Thumb Code    14  gpio_api.o(i.gpio_mode)
    i2c_frequency                            0x000058d5   Thumb Code    24  i2c_api.o(i.i2c_frequency)
    i2c_init                                 0x000058f1   Thumb Code   118  i2c_api.o(i.i2c_init)
    i2c_read                                 0x00005999   Thumb Code   306  i2c_api.o(i.i2c_read)
    i2c_stop                                 0x00005ad1   Thumb Code    46  i2c_api.o(i.i2c_stop)
    i2c_write                                0x00005b05   Thumb Code   230  i2c_api.o(i.i2c_write)
    malloc                                   0x00005bf1   Thumb Code    92  malloc.o(i.malloc)
    mbed_assert_internal                     0x00005c5d   Thumb Code    16  assert.o(i.mbed_assert_internal)
    mbed_die                                 0x00005ca1   Thumb Code   258  board.o(i.mbed_die)
    mbed_interface_connected                 0x00005dad   Thumb Code     8  mbed_interface.o(i.mbed_interface_connected)
    mbed_main                                0x00005db5   Thumb Code     2  retarget.o(i.mbed_main)
    mbed_sdk_init                            0x00005db7   Thumb Code     2  retarget.o(i.mbed_sdk_init)
    pin_function                             0x00005db9   Thumb Code    48  pinmap.o(i.pin_function)
    pin_mode                                 0x00005e09   Thumb Code    64  pinmap.o(i.pin_mode)
    pinmap_merge                             0x00005e69   Thumb Code    30  pinmap_common.o(i.pinmap_merge)
    pinmap_peripheral                        0x00005e9d   Thumb Code    60  pinmap_common.o(i.pinmap_peripheral)
    pinmap_pinout                            0x00005ef9   Thumb Code    60  pinmap_common.o(i.pinmap_pinout)
    semihost_connected                       0x00005f49   Thumb Code     6  semihost_api.o(i.semihost_connected)
    semihost_exit                            0x00005f55   Thumb Code    12  semihost_api.o(i.semihost_exit)
    serial_baud                              0x00005f61   Thumb Code   272  serial_api.o(i.serial_baud)
    serial_format                            0x00006079   Thumb Code   142  serial_api.o(i.serial_format)
    serial_getc                              0x0000615d   Thumb Code    14  serial_api.o(i.serial_getc)
    serial_init                              0x0000616d   Thumb Code   168  serial_api.o(i.serial_init)
    serial_irq_handler                       0x00006241   Thumb Code    14  serial_api.o(i.serial_irq_handler)
    serial_irq_set                           0x00006255   Thumb Code    86  serial_api.o(i.serial_irq_set)
    serial_putc                              0x000062bd   Thumb Code    14  serial_api.o(i.serial_putc)
    serial_readable                          0x000062cb   Thumb Code    10  serial_api.o(i.serial_readable)
    serial_writable                          0x000062d5   Thumb Code    10  serial_api.o(i.serial_writable)
    ticker_irq_handler                       0x000062df   Thumb Code    74  ticker_api.o(i.ticker_irq_handler)
    uart0_irq                                0x00006329   Thumb Code    38  serial_api.o(i.uart0_irq)
    us_ticker_clear_interrupt                0x00006359   Thumb Code     8  us_ticker.o(i.us_ticker_clear_interrupt)
    us_ticker_disable_interrupt              0x00006365   Thumb Code    12  us_ticker.o(i.us_ticker_disable_interrupt)
    us_ticker_init                           0x00006375   Thumb Code    64  us_ticker.o(i.us_ticker_init)
    us_ticker_irq_handler                    0x000063d1   Thumb Code    10  us_ticker_api.o(i.us_ticker_irq_handler)
    us_ticker_read                           0x000063e1   Thumb Code    64  us_ticker.o(i.us_ticker_read)
    us_ticker_set_interrupt                  0x0000643d   Thumb Code    14  us_ticker.o(i.us_ticker_set_interrupt)
    wait                                     0x00006451   Thumb Code    32  wait_api.o(i.wait)
    wait_ms                                  0x00006475   Thumb Code    28  wait_api.o(i.wait_ms)
    CircBuffer<unsigned char, (int)128>::queue(unsigned char) 0x00006491   Thumb Code    72  usbserial.o(t._ZN10CircBufferIhLi128EE5queueEh)
    CircBuffer<unsigned char, (int)128>::isEmpty() 0x000064d9   Thumb Code    18  usbserial.o(t._ZN10CircBufferIhLi128EE7isEmptyEv)
    mbed::SerialBase::attach<BufferedSerial>(T1*, void(T1::*)(), mbed::SerialBase::IrqType) 0x000064ed   Thumb Code   116  bufferedserial.o(t._ZN4mbed10SerialBase6attachI14BufferedSerialEEvPT_MS3_FvvENS0_7IrqTypeE)
    mbed::FunctionPointerArg1<void, void>::membercaller<BufferedSerial>(void*, unsigned*) 0x00006565   Thumb Code    52  bufferedserial.o(t._ZN4mbed19FunctionPointerArg1IvvE12membercallerI14BufferedSerialEEvPvPj)
    Buffer<char>::get()                      0x00006599   Thumb Code    30  bufferedserial.o(t._ZN6BufferIcE3getEv)
    Buffer<char>::clear()                    0x000065b7   Thumb Code    20  buffer.o(t._ZN6BufferIcE5clearEv)
    Buffer<char>::available()                0x000065cb   Thumb Code    18  bufferedserial.o(t._ZN6BufferIcE9availableEv)
    Buffer<char>::Buffer(unsigned)           0x000065dd   Thumb Code    26  buffer.o(t._ZN6BufferIcEC1Ej)
    Buffer<char>::Buffer__sub_object(unsigned) 0x000065dd   Thumb Code     0  buffer.o(t._ZN6BufferIcEC1Ej)
    Buffer<char>::~Buffer()                  0x000065f7   Thumb Code    14  buffer.o(t._ZN6BufferIcED1Ev)
    Buffer<char>::~Buffer__sub_object()      0x000065f7   Thumb Code     0  buffer.o(t._ZN6BufferIcED1Ev)
    Buffer<char>::operator =(char)           0x00006605   Thumb Code    36  bufferedserial.o(t._ZN6BufferIcEaSEc)
    PinMap_ADC                               0x000068e4   Data         108  PeripheralPins.o(.constdata)
    PinMap_I2C_SDA                           0x00006950   Data          24  PeripheralPins.o(.constdata)
    PinMap_I2C_SCL                           0x00006968   Data          24  PeripheralPins.o(.constdata)
    PinMap_UART_TX                           0x00006980   Data          48  PeripheralPins.o(.constdata)
    PinMap_UART_RX                           0x000069b0   Data          48  PeripheralPins.o(.constdata)
    __ctype_categories                       0x00006b68   Data          64  ctype_c.o(.constdata)
    vtable for BufferedSerial                0x00006ba8   Data          44  bufferedserial.o(.constdata__ZTV14BufferedSerial)
    vtable for USBCDC                        0x00006bd4   Data         128  usbcdc.o(.constdata__ZTV6USBCDC)
    vtable for USBHAL                        0x00006c54   Data          68  usbhal_lpc11u.o(.constdata__ZTV6USBHAL)
    vtable for USBDevice                     0x00006c98   Data         124  usbdevice.o(.constdata__ZTV9USBDevice)
    vtable for USBSerial                     0x00006d14   Data         212  usbserial.o(.constdata__ZTV9USBSerial)
    vtable for mbed::FileHandle              0x00006de8   Data          44  retarget.o(.constdata__ZTVN4mbed10FileHandleE)
    vtable for mbed::SerialBase              0x00006e14   Data          16  SerialBase.o(.constdata__ZTVN4mbed10SerialBaseE)
    vtable for mbed::Stream                  0x00006e24   Data          68  Stream.o(.constdata__ZTVN4mbed6StreamE)
    vtable for mbed::FileBase                0x00006e68   Data          16  FileBase.o(.constdata__ZTVN4mbed8FileBaseE)
    vtable for mbed::FileLike                0x00006e78   Data          60  FileLike.o(.constdata__ZTVN4mbed8FileLikeE)
    vtable for mbed::RawSerial               0x00006eb4   Data          16  RawSerial.o(.constdata__ZTVN4mbed9RawSerialE)
    Region$$Table$$Base                      0x00006ec4   Number         0  anon$$obj.o(Region$$Table)
    Region$$Table$$Limit                     0x00006ee4   Number         0  anon$$obj.o(Region$$Table)
    SHT$$INIT_ARRAY$$Base                    0x00006ee4   Number         0  main.o(.init_array)
    SHT$$INIT_ARRAY$$Limit                   0x00006ee8   Number         0  main.o(.init_array)
    ain                                      0x100000cc   Data           1  main.o(.data)
    i2c                                      0x100000d0   Data           8  main.o(.data)
    USBHAL::instance                         0x100000f0   Data           4  usbhal_lpc11u.o(.data)
    gps_utc_date_time                        0x100001e3   Data           6  xadowgps.o(.data)
    SystemCoreClock                          0x100001f0   Data           4  system_LPC11Uxx.o(.data)
    stdio_uart_inited                        0x10000200   Data           4  serial_api.o(.data)
    stdio_uart                               0x10000208   Data           8  serial_api.o(.data)
    mbed::I2C::_owner                        0x10000210   Data           4  I2C.o(.data)
    us_ticker_inited                         0x10000218   Data           4  us_ticker.o(.data)
    mbed::FileBase::_head                    0x1000021c   Data           4  FileBase.o(.data)
    __microlib_freelist                      0x10000228   Data           4  mvars.o(.data)
    __microlib_freelist_initialised          0x1000022c   Data           4  mvars.o(.data)
    pin_chg_led_on                           0x100002bc   Data          24  main.o(.bss)
    pin_5v_en                                0x100002d4   Data          24  main.o(.bss)
    dbg_serial                               0x100002ec   Data         296  main.o(.bss)
    serial                                   0x10000414   Data         104  main.o(.bss)
    uid                                      0x1000051c   Data          10  xadownfc.o(.bss)
    __stdout                                 0x10000568   Data          20  stdout_f.o(.bss)
    __stderr                                 0x1000057c   Data          20  stderr_f.o(.bss)
    Image$$RW_IRAM1$$ZI$$Limit               0x10000590   Number         0  startup_LPC11xx.o(HEAP)
    __heap_base                              0x10000590   Data           0  startup_LPC11xx.o(HEAP)
    __heap_limit                             0x10000590   Data           0  startup_LPC11xx.o(HEAP)
    __initial_sp                             0x10002000   Number         0  startup_LPC11xx.o ABSOLUTE



==============================================================================

Memory Map of the image

  Image Entry point : 0x00000201

  Load Region LR_IROM1 (Base: 0x00000000, Size: 0x0000706c, Max: 0x00008000, ABSOLUTE, COMPRESSED[0x00006fa8])

    Execution Region ER_IROM1 (Base: 0x00000000, Size: 0x00006ee8, Max: 0x00008000, ABSOLUTE)

    Base Addr    Size         Type   Attr      Idx    E Section Name        Object

    0x00000000   0x00000200   Data   RO         1805    RESET               startup_LPC11xx.o
    0x00000200   0x00000000   Code   RO         2665  * .ARM.Collect$$$$00000000  mc_p.l(entry.o)
    0x00000200   0x00000004   Code   RO         3104    .ARM.Collect$$$$00000001  mc_p.l(entry2.o)
    0x00000204   0x00000004   Code   RO         3107    .ARM.Collect$$$$00000004  mc_p.l(entry5.o)
    0x00000208   0x00000004   Code   RO         2667    .ARM.Collect$$$$00000006  mc_p.l(entry6b.o)
    0x0000020c   0x00000000   Code   RO         3109    .ARM.Collect$$$$00000008  mc_p.l(entry7b.o)
    0x0000020c   0x00000004   Code   RO         3110    .ARM.Collect$$$$00000009  mc_p.l(entry8a.o)
    0x00000210   0x00000000   Code   RO         3111    .ARM.Collect$$$$0000000A  mc_p.l(entry8b.o)
    0x00000210   0x00000008   Code   RO         3112    .ARM.Collect$$$$0000000B  mc_p.l(entry9a.o)
    0x00000218   0x00000000   Code   RO         3114    .ARM.Collect$$$$0000000D  mc_p.l(entry10a.o)
    0x00000218   0x00000000   Code   RO         3116    .ARM.Collect$$$$0000000F  mc_p.l(entry11a.o)
    0x00000218   0x00000004   Code   RO         3105    .ARM.Collect$$$$00002712  mc_p.l(entry2.o)
    0x0000021c   0x00000084   Code   RO            1    .text               hdlc.o
    0x000002a0   0x00000024   Code   RO         1807    .text               startup_LPC11xx.o
    0x000002c4   0x00000020   Code   RO         2711    .text               mc_p.l(initio_oe.o)
    0x000002e4   0x0000000e   Code   RO         2747    .text               mc_p.l(strlen.o)
    0x000002f2   0x00000008   Code   RO         3078    .text               cpprt_p.l(arm_newhandler_noexceptions.o)
    0x000002fa   0x00000000   Code   RO         3154    .text               mc_p.l(iusefp.o)
    0x000002fa   0x00000002   Code   RO         3160    .text               mc_p.l(cpp_final.o)
    0x000002fc   0x00000004   Code   RO         1806    .ARM.__at_0x02FC    startup_LPC11xx.o
    0x00000300   0x000002ec   Code   RO           24    .text               pebbleserial.o
    0x000005ec   0x00000794   Code   RO           44    .text               main.o
    0x00000d80   0x00000ad8   Code   RO          593    .text               usbhal_lpc11u.o
    0x00001858   0x000009c8   Code   RO          726    .text               usbdevice.o
    0x00002220   0x0000012a   Code   RO         1088    .text               usbserial.o
    0x0000234a   0x00000002   PAD
    0x0000234c   0x00000240   Code   RO         1178    .text               usbcdc.o
    0x0000258c   0x000002c4   Code   RO         1270    .text               bufferedserial.o
    0x00002850   0x00000420   Code   RO         1693    .text               xadowgps.o
    0x00002c70   0x0000026c   Code   RO         1764    .text               xadownfc.o
    0x00002edc   0x0000002a   Code   RO         2717    .text               mc_p.l(fputc_fp.o)
    0x00002f06   0x00000026   Code   RO         2721    .text               mc_p.l(fflush_fe.o)
    0x00002f2c   0x0000002c   Code   RO         2735    .text               mc_p.l(uidiv.o)
    0x00002f58   0x00000028   Code   RO         2737    .text               mc_p.l(idiv.o)
    0x00002f80   0x00000060   Code   RO         2739    .text               mc_p.l(uldiv.o)
    0x00002fe0   0x00000024   Code   RO         2741    .text               mc_p.l(memcpya.o)
    0x00003004   0x00000024   Code   RO         2743    .text               mc_p.l(memseta.o)
    0x00003028   0x0000001a   Code   RO         2745    .text               mc_p.l(strncpy.o)
    0x00003042   0x0000001c   Code   RO         2749    .text               mc_p.l(strcmp.o)
    0x0000305e   0x0000001a   Code   RO         2751    .text               mc_p.l(memcmp.o)
    0x00003078   0x0000001e   Code   RO         2753    .text               mc_p.l(strncmp.o)
    0x00003096   0x00000014   Code   RO         3046    .text               mc_p.l(uread4.o)
    0x000030aa   0x00000012   Code   RO         3048    .text               mc_p.l(uwrite4.o)
    0x000030bc   0x0000003c   Code   RO         3052    .text               mc_p.l(__0sscanf.o)
    0x000030f8   0x0000014a   Code   RO         3054    .text               mc_p.l(_scanf_int.o)
    0x00003242   0x00000002   PAD
    0x00003244   0x00000020   Code   RO         3059    .text               mc_p.l(cpp_init.o)
    0x00003264   0x0000007a   Code   RO         3061    .text               mf_p.l(fmul.o)
    0x000032de   0x00000002   PAD
    0x000032e0   0x000000d0   Code   RO         3065    .text               mf_p.l(dmul.o)
    0x000033b0   0x0000000e   Code   RO         3067    .text               mf_p.l(ffltui.o)
    0x000033be   0x00000032   Code   RO         3069    .text               mf_p.l(ffixi.o)
    0x000033f0   0x00000028   Code   RO         3071    .text               mf_p.l(f2d.o)
    0x00003418   0x00000038   Code   RO         3073    .text               mf_p.l(d2f.o)
    0x00003450   0x00000020   Code   RO         3123    .text               mc_p.l(llshl.o)
    0x00003470   0x00000022   Code   RO         3125    .text               mc_p.l(llushr.o)
    0x00003492   0x0000001e   Code   RO         3136    .text               mc_p.l(_chval.o)
    0x000034b0   0x0000034c   Code   RO         3142    .text               mc_p.l(scanf_fp.o)
    0x000037fc   0x0000002c   Code   RO         3146    .text               mc_p.l(scanf_char.o)
    0x00003828   0x00000044   Code   RO         3148    .text               mc_p.l(_sgetc.o)
    0x0000386c   0x000000a4   Code   RO         3150    .text               mc_p.l(strtod.o)
    0x00003910   0x00000008   Code   RO         3157    .text               mc_p.l(cpp_dtor.o)
    0x00003918   0x00000008   Code   RO         3162    .text               mc_p.l(cpp_memory.o)
    0x00003920   0x00000020   Code   RO         3167    .text               mc_p.l(cpp_unwinder.o)
    0x00003940   0x00000084   Code   RO         3170    .text               mf_p.l(fepilogue.o)
    0x000039c4   0x000000c0   Code   RO         3172    .text               mf_p.l(depilogue.o)
    0x00003a84   0x00000164   Code   RO         3176    .text               mf_p.l(dadd.o)
    0x00003be8   0x000000f0   Code   RO         3178    .text               mf_p.l(ddiv.o)
    0x00003cd8   0x00000040   Code   RO         3180    .text               mf_p.l(dfixul.o)
    0x00003d18   0x00000028   Code   RO         3182    .text               mf_p.l(cdrcmple.o)
    0x00003d40   0x0000001c   Code   RO         3184    .text               cpprt_p.l(arm_exceptions_terminate.o)
    0x00003d5c   0x00000024   Code   RO         3200    .text               mc_p.l(init.o)
    0x00003d80   0x0000007a   Code   RO         3202    .text               mc_p.l(llmul.o)
    0x00003dfa   0x00000026   Code   RO         3204    .text               mc_p.l(llsshr.o)
    0x00003e20   0x0000000e   Code   RO         3206    .text               mc_p.l(isspace_c.o)
    0x00003e2e   0x00000002   PAD
    0x00003e30   0x00000334   Code   RO         3208    .text               mc_p.l(_scanf.o)
    0x00004164   0x0000001c   Code   RO         3211    .text               mf_p.l(dfltul.o)
    0x00004180   0x00000054   Code   RO         3213    .text               cpprt_p.l(arm_exceptions_globs.o)
    0x000041d4   0x00000024   Code   RO         3219    .text               mc_p.l(ctype_c.o)
    0x000041f8   0x00000042   Code   RO         3224    .text               cpprt_p.l(arm_exceptions_mem.o)
    0x0000423a   0x00000056   Code   RO         3234    .text               mc_p.l(__dczerorl2.o)
    0x00004290   0x00000010   Code   RO         1836    i.$Sub$$main        retarget.o
    0x000042a0   0x00000008   Code   RO         2153    i.<Func1>           mbed.ar(SerialBase.o)
    0x000042a8   0x00000048   Code   RO         1828    i.NVIC_SetVector    cmsis_nvic.o
    0x000042f0   0x000000ac   Code   RO         1819    i.SystemInit        system_LPC11Uxx.o
    0x0000439c   0x0000001a   Code   RO           81    i._ZN4mbed10DigitalOutC1E7PinName  main.o
    0x000043b6   0x00000016   Code   RO           66    i._ZN4mbed10DigitalOutaSEi  main.o
    0x000043cc   0x0000002c   Code   RO         1838    i._ZN4mbed10FileHandleD2Ev  retarget.o
    0x000043f8   0x0000002e   Code   RO         2157    i._ZN4mbed10SerialBase12_irq_handlerEj9SerialIrq  mbed.ar(SerialBase.o)
    0x00004426   0x00000010   Code   RO         2158    i._ZN4mbed10SerialBase4baudEi  mbed.ar(SerialBase.o)
    0x00004436   0x0000002c   Code   RO         2159    i._ZN4mbed10SerialBase6attachEPFvvENS0_7IrqTypeE  mbed.ar(SerialBase.o)
    0x00004462   0x00000002   PAD
    0x00004464   0x0000004c   Code   RO         2163    i._ZN4mbed10SerialBaseC1E7PinNameS1_  mbed.ar(SerialBase.o)
    0x000044b0   0x0000000a   Code   RO         1839    i._ZN4mbed26mbed_set_unbuffered_streamEPSt6__FILE  retarget.o
    0x000044ba   0x00000002   PAD
    0x000044bc   0x00000044   Code   RO         2065    i._ZN4mbed3I2C4readEiPcib  mbed.ar(I2C.o)
    0x00004500   0x00000044   Code   RO         2069    i._ZN4mbed3I2C5writeEiPKcib  mbed.ar(I2C.o)
    0x00004544   0x00000014   Code   RO         2071    i._ZN4mbed3I2C9frequencyEi  mbed.ar(I2C.o)
    0x00004558   0x00000024   Code   RO         2072    i._ZN4mbed3I2CC1E7PinNameS1_  mbed.ar(I2C.o)
    0x0000457c   0x00000004   Code   RO         2204    i._ZN4mbed6Stream5closeEv  mbed.ar(Stream.o)
    0x00004580   0x00000004   Code   RO         2205    i._ZN4mbed6Stream5fsyncEv  mbed.ar(Stream.o)
    0x00004584   0x00000004   Code   RO         2206    i._ZN4mbed6Stream5lseekEli  mbed.ar(Stream.o)
    0x00004588   0x00000026   Code   RO         2208    i._ZN4mbed6Stream5writeEPKvj  mbed.ar(Stream.o)
    0x000045ae   0x00000020   Code   RO         2210    i._ZN4mbed6Stream6printfEPKcz  mbed.ar(Stream.o)
    0x000045ce   0x00000002   PAD
    0x000045d0   0x00000044   Code   RO         2211    i._ZN4mbed6StreamC2EPKc  mbed.ar(Stream.o)
    0x00004614   0x00000024   Code   RO         2213    i._ZN4mbed6StreamD2Ev  mbed.ar(Stream.o)
    0x00004638   0x00000004   Code   RO         2461    i._ZN4mbed8FileBase11getPathTypeEv  mbed.ar(FileBase.o)
    0x0000463c   0x0000003c   Code   RO         2463    i._ZN4mbed8FileBase6lookupEPKcj  mbed.ar(FileBase.o)
    0x00004678   0x00000024   Code   RO         2465    i._ZN4mbed8FileBaseC1EPKcNS_8PathTypeE  mbed.ar(FileBase.o)
    0x0000469c   0x00000034   Code   RO         2467    i._ZN4mbed8FileBaseD1Ev  mbed.ar(FileBase.o)
    0x000046d0   0x00000024   Code   RO         2438    i._ZN4mbed8FileLikeC2EPKc  mbed.ar(FileLike.o)
    0x000046f4   0x00000010   Code   RO         2440    i._ZN4mbed8FileLikeD2Ev  mbed.ar(FileLike.o)
    0x00004704   0x0000001a   Code   RO         2096    i._ZN4mbed8FilePath10fileSystemEv  mbed.ar(FilePath.o)
    0x0000471e   0x00000020   Code   RO         2098    i._ZN4mbed8FilePath4fileEv  mbed.ar(FilePath.o)
    0x0000473e   0x0000000a   Code   RO         2099    i._ZN4mbed8FilePath6existsEv  mbed.ar(FilePath.o)
    0x00004748   0x00000018   Code   RO         2100    i._ZN4mbed8FilePath6isFileEv  mbed.ar(FilePath.o)
    0x00004760   0x00000004   Code   RO         2101    i._ZN4mbed8FilePath8fileNameEv  mbed.ar(FilePath.o)
    0x00004764   0x00000044   Code   RO         2102    i._ZN4mbed8FilePathC1EPKc  mbed.ar(FilePath.o)
    0x000047a8   0x00000010   Code   RO         2125    i._ZN4mbed9RawSerialC1E7PinNameS1_  mbed.ar(RawSerial.o)
    0x000047b8   0x00000006   Code   RO         1198    i._ZN6USBCDC17lineCodingChangedEiiii  usbcdc.o
    0x000047be   0x00000006   Code   RO          449    i._ZN6USBHAL15EP1_IN_callbackEv  usbaudio.o
    0x000047c4   0x00000006   Code   RO          461    i._ZN6USBHAL15EP2_IN_callbackEv  usbaudio.o
    0x000047ca   0x00000006   Code   RO          667    i._ZN6USBHAL15EP3_IN_callbackEv  usbhal_lpc11u.o
    0x000047d0   0x00000006   Code   RO          473    i._ZN6USBHAL15EP4_IN_callbackEv  usbaudio.o
    0x000047d6   0x00000002   Code   RO          625    i._ZN6USBHAL16EP0setupCallbackEv  usbhal_lpc11u.o
    0x000047d8   0x00000006   Code   RO          443    i._ZN6USBHAL16EP1_OUT_callbackEv  usbaudio.o
    0x000047de   0x00000006   Code   RO          455    i._ZN6USBHAL16EP2_OUT_callbackEv  usbaudio.o
    0x000047e4   0x00000006   Code   RO          661    i._ZN6USBHAL16EP3_OUT_callbackEv  usbhal_lpc11u.o
    0x000047ea   0x00000006   Code   RO          467    i._ZN6USBHAL16EP4_OUT_callbackEv  usbaudio.o
    0x000047f0   0x00000002   Code   RO          649    i._ZN6USBHAL19suspendStateChangedEj  usbhal_lpc11u.o
    0x000047f2   0x00000002   Code   RO          655    i._ZN6USBHAL3SOFEi  usbhal_lpc11u.o
    0x000047f4   0x00000002   Code   RO          637    i._ZN6USBHAL5EP0inEv  usbhal_lpc11u.o
    0x000047f6   0x00000002   Code   RO          631    i._ZN6USBHAL6EP0outEv  usbhal_lpc11u.o
    0x000047f8   0x00000002   Code   RO          619    i._ZN6USBHAL8busResetEv  usbhal_lpc11u.o
    0x000047fa   0x00000006   Code   RO          769    i._ZN9USBDevice17configurationDescEv  usbdevice.o
    0x00004800   0x00000006   Code   RO          745    i._ZN9USBDevice19USBCallback_requestEv  usbdevice.o
    0x00004806   0x00000002   Code   RO          479    i._ZN9USBDevice20USBCallback_busResetEv  usbaudio.o
    0x00004808   0x00000006   Code   RO          763    i._ZN9USBDevice24USBCallback_setInterfaceEth  usbdevice.o
    0x0000480e   0x00000002   Code   RO          751    i._ZN9USBDevice28USBCallback_requestCompletedEPhj  usbdevice.o
    0x00004810   0x00000006   Code   RO          757    i._ZN9USBDevice28USBCallback_setConfigurationEh  usbdevice.o
    0x00004816   0x00000028   Code   RO         1120    i._ZN9USBSerial17lineCodingChangedEiiii  usbserial.o
    0x0000483e   0x00000002   PAD
    0x00004840   0x0000006c   Code   RO           72    i._ZN9USBSerialC1Etttb  main.o
    0x000048ac   0x0000001e   Code   RO           78    i._ZN9USBSerialD1Ev  main.o
    0x000048ca   0x00000008   Code   RO         2532    i._ZdaPv            cpprt_p.l(array_del.o)
    0x000048d2   0x00000008   Code   RO         2539    i._ZdlPv            cpprt_p.l(delete.o)
    0x000048da   0x00000008   Code   RO         2535    i._Znaj             cpprt_p.l(array_new.o)
    0x000048e2   0x00000002   PAD
    0x000048e4   0x00000028   Code   RO         2542    i._Znwj             cpprt_p.l(new.o)
    0x0000490c   0x00000028   Code   RO         2992    i.__0sprintf        mc_p.l(printfa.o)
    0x00004934   0x00000018   Code   RO         2993    i.__0vfprintf       mc_p.l(printfa.o)
    0x0000494c   0x00000024   Code   RO         2996    i.__0vsprintf       mc_p.l(printfa.o)
    0x00004970   0x0000002e   Code   RO         3174    i.__ARM_clz         mf_p.l(depilogue.o)
    0x0000499e   0x0000001c   Code   RO          777    i.__ARM_common_switch8  usbdevice.o
    0x000049ba   0x0000002c   Code   RO         2549    i.__aeabi_atexit    cpprt_p.l(aeabi_atexit.o)
    0x000049e6   0x00000020   Code   RO         2552    i.__aeabi_vec_ctor_nocookie_nodtor  cpprt_p.l(aeabi_vec_ctor_nocookie_nodtor.o)
    0x00004a06   0x00000042   Code   RO         3091    i.__cxa_finalize    cpprt_p.l(cxa_finalize.o)
    0x00004a48   0x00000012   Code   RO         2555    i.__cxa_guard_acquire  cpprt_p.l(cxa_guard_acquire.o)
    0x00004a5a   0x0000000a   Code   RO         2546    i.__cxa_pure_virtual  cpprt_p.l(pure_virt.o)
    0x00004a64   0x0000000c   Code   RO         3130    i.__read_errno      mc_p.l(errno.o)
    0x00004a70   0x0000000e   Code   RO         3228    i.__scatterload_copy  mc_p.l(handlers.o)
    0x00004a7e   0x00000002   Code   RO         3229    i.__scatterload_null  mc_p.l(handlers.o)
    0x00004a80   0x0000000e   Code   RO         3230    i.__scatterload_zeroinit  mc_p.l(handlers.o)
    0x00004a8e   0x00000002   PAD
    0x00004a90   0x0000000c   Code   RO         3131    i.__set_errno       mc_p.l(errno.o)
    0x00004a9c   0x0000000a   Code   RO         2707    i._fclose$full      mc_p.l(fclose_f.o)
    0x00004aa6   0x00000026   Code   RO         2703    i._fopen$full       mc_p.l(fopen_f.o)
    0x00004acc   0x00000158   Code   RO         2997    i._fp_digits        mc_p.l(printfa.o)
    0x00004c24   0x00000060   Code   RO         2704    i._freopen$full     mc_p.l(fopen_f.o)
    0x00004c84   0x0000000e   Code   RO         3144    i._is_digit         mc_p.l(scanf_fp.o)
    0x00004c92   0x00000002   PAD
    0x00004c94   0x000006f8   Code   RO         2998    i._printf_core      mc_p.l(printfa.o)
    0x0000538c   0x00000020   Code   RO         2999    i._printf_post_padding  mc_p.l(printfa.o)
    0x000053ac   0x0000002c   Code   RO         3000    i._printf_pre_padding  mc_p.l(printfa.o)
    0x000053d8   0x0000000a   Code   RO         3002    i._sputc            mc_p.l(printfa.o)
    0x000053e2   0x00000002   PAD
    0x000053e4   0x0000002c   Code   RO         1842    i._sys_close        retarget.o
    0x00005410   0x00000028   Code   RO         1844    i._sys_ensure       retarget.o
    0x00005438   0x000000e4   Code   RO         1847    i._sys_open         retarget.o
    0x0000551c   0x00000028   Code   RO         1849    i._sys_seek         retarget.o
    0x00005544   0x00000060   Code   RO         1850    i._sys_write        retarget.o
    0x000055a4   0x000000a8   Code   RO         1957    i.analogin_init     mbed.ar(analogin_api.o)
    0x0000564c   0x000000b4   Code   RO         1958    i.analogin_read     mbed.ar(analogin_api.o)
    0x00005700   0x0000002a   Code   RO         2662    i.atof              m_ps.l(atof.o)
    0x0000572a   0x00000002   PAD
    0x0000572c   0x00000018   Code   RO         2264    i.error             mbed.ar(error.o)
    0x00005744   0x0000002c   Code   RO         1852    i.exit              retarget.o
    0x00005770   0x00000054   Code   RO         3018    i.free              mc_p.l(malloc.o)
    0x000057c4   0x00000054   Code   RO         2368    i.gpio_dir          mbed.ar(gpio_api.o)
    0x00005818   0x0000006c   Code   RO         2369    i.gpio_init         mbed.ar(gpio_api.o)
    0x00005884   0x00000040   Code   RO         2273    i.gpio_init_out     mbed.ar(gpio.o)
    0x000058c4   0x0000000e   Code   RO         2370    i.gpio_mode         mbed.ar(gpio_api.o)
    0x000058d2   0x00000002   PAD
    0x000058d4   0x0000001c   Code   RO         2383    i.i2c_frequency     mbed.ar(i2c_api.o)
    0x000058f0   0x000000a8   Code   RO         2384    i.i2c_init          mbed.ar(i2c_api.o)
    0x00005998   0x00000138   Code   RO         2385    i.i2c_read          mbed.ar(i2c_api.o)
    0x00005ad0   0x00000034   Code   RO         2393    i.i2c_stop          mbed.ar(i2c_api.o)
    0x00005b04   0x000000ec   Code   RO         2394    i.i2c_write         mbed.ar(i2c_api.o)
    0x00005bf0   0x0000006c   Code   RO         3019    i.malloc            mc_p.l(malloc.o)
    0x00005c5c   0x00000044   Code   RO         2260    i.mbed_assert_internal  mbed.ar(assert.o)
    0x00005ca0   0x0000010c   Code   RO         1811    i.mbed_die          board.o
    0x00005dac   0x00000008   Code   RO         2285    i.mbed_interface_connected  mbed.ar(mbed_interface.o)
    0x00005db4   0x00000002   Code   RO         1853    i.mbed_main         retarget.o
    0x00005db6   0x00000002   Code   RO         1854    i.mbed_sdk_init     retarget.o
    0x00005db8   0x00000050   Code   RO         2414    i.pin_function      mbed.ar(pinmap.o)
    0x00005e08   0x00000060   Code   RO         2415    i.pin_mode          mbed.ar(pinmap.o)
    0x00005e68   0x00000034   Code   RO         2494    i.pinmap_merge      mbed.ar(pinmap_common.o)
    0x00005e9c   0x0000005c   Code   RO         2495    i.pinmap_peripheral  mbed.ar(pinmap_common.o)
    0x00005ef8   0x00000050   Code   RO         2496    i.pinmap_pinout     mbed.ar(pinmap_common.o)
    0x00005f48   0x0000000c   Code   RO         2306    i.semihost_connected  mbed.ar(semihost_api.o)
    0x00005f54   0x0000000c   Code   RO         2309    i.semihost_exit     mbed.ar(semihost_api.o)
    0x00005f60   0x00000118   Code   RO         1968    i.serial_baud       mbed.ar(serial_api.o)
    0x00006078   0x000000e4   Code   RO         1972    i.serial_format     mbed.ar(serial_api.o)
    0x0000615c   0x0000000e   Code   RO         1974    i.serial_getc       mbed.ar(serial_api.o)
    0x0000616a   0x00000002   PAD
    0x0000616c   0x000000d4   Code   RO         1975    i.serial_init       mbed.ar(serial_api.o)
    0x00006240   0x00000014   Code   RO         1976    i.serial_irq_handler  mbed.ar(serial_api.o)
    0x00006254   0x00000068   Code   RO         1977    i.serial_irq_set    mbed.ar(serial_api.o)
    0x000062bc   0x0000000e   Code   RO         1979    i.serial_putc       mbed.ar(serial_api.o)
    0x000062ca   0x0000000a   Code   RO         1980    i.serial_readable   mbed.ar(serial_api.o)
    0x000062d4   0x0000000a   Code   RO         1981    i.serial_writable   mbed.ar(serial_api.o)
    0x000062de   0x0000004a   Code   RO         2520    i.ticker_irq_handler  mbed.ar(ticker_api.o)
    0x00006328   0x00000030   Code   RO         1982    i.uart0_irq         mbed.ar(serial_api.o)
    0x00006358   0x0000000c   Code   RO         2423    i.us_ticker_clear_interrupt  mbed.ar(us_ticker.o)
    0x00006364   0x00000010   Code   RO         2424    i.us_ticker_disable_interrupt  mbed.ar(us_ticker.o)
    0x00006374   0x0000005c   Code   RO         2425    i.us_ticker_init    mbed.ar(us_ticker.o)
    0x000063d0   0x00000010   Code   RO         2508    i.us_ticker_irq_handler  mbed.ar(us_ticker_api.o)
    0x000063e0   0x0000005c   Code   RO         2426    i.us_ticker_read    mbed.ar(us_ticker.o)
    0x0000643c   0x00000014   Code   RO         2427    i.us_ticker_set_interrupt  mbed.ar(us_ticker.o)
    0x00006450   0x00000024   Code   RO         2344    i.wait              mbed.ar(wait_api.o)
    0x00006474   0x0000001c   Code   RO         2345    i.wait_ms           mbed.ar(wait_api.o)
    0x00006490   0x00000048   Code   RO         1114    t._ZN10CircBufferIhLi128EE5queueEh  usbserial.o
    0x000064d8   0x00000012   Code   RO         1108    t._ZN10CircBufferIhLi128EE7isEmptyEv  usbserial.o
    0x000064ea   0x00000002   PAD
    0x000064ec   0x00000078   Code   RO         1300    t._ZN4mbed10SerialBase6attachI14BufferedSerialEEvPT_MS3_FvvENS0_7IrqTypeE  bufferedserial.o
    0x00006564   0x00000034   Code   RO         1312    t._ZN4mbed19FunctionPointerArg1IvvE12membercallerI14BufferedSerialEEvPvPj  bufferedserial.o
    0x00006598   0x0000001e   Code   RO         1294    t._ZN6BufferIcE3getEv  bufferedserial.o
    0x000065b6   0x00000014   Code   RO         1612    t._ZN6BufferIcE5clearEv  buffer.o
    0x000065ca   0x00000012   Code   RO         1306    t._ZN6BufferIcE9availableEv  bufferedserial.o
    0x000065dc   0x0000001a   Code   RO         1618    t._ZN6BufferIcEC1Ej  buffer.o
    0x000065f6   0x0000000e   Code   RO         1630    t._ZN6BufferIcED1Ev  buffer.o
    0x00006604   0x00000024   Code   RO         1288    t._ZN6BufferIcEaSEc  bufferedserial.o
    0x00006628   0x00000008   Data   RO           47    .constdata          main.o
    0x00006630   0x00000040   Data   RO          596    .constdata          usbhal_lpc11u.o
    0x00006670   0x00000010   Data   RO         1272    .constdata          bufferedserial.o
    0x00006680   0x00000082   Data   RO         1812    .constdata          board.o
    0x00006702   0x00000002   PAD
    0x00006704   0x0000006b   Data   RO         1960    .constdata          mbed.ar(analogin_api.o)
    0x0000676f   0x00000001   PAD
    0x00006770   0x000000f0   Data   RO         1983    .constdata          mbed.ar(serial_api.o)
    0x00006860   0x00000082   Data   RO         2275    .constdata          mbed.ar(gpio.o)
    0x000068e2   0x00000002   PAD
    0x000068e4   0x0000006c   Data   RO         2354    .constdata          mbed.ar(PeripheralPins.o)
    0x00006950   0x00000018   Data   RO         2355    .constdata          mbed.ar(PeripheralPins.o)
    0x00006968   0x00000018   Data   RO         2356    .constdata          mbed.ar(PeripheralPins.o)
    0x00006980   0x00000030   Data   RO         2357    .constdata          mbed.ar(PeripheralPins.o)
    0x000069b0   0x00000030   Data   RO         2358    .constdata          mbed.ar(PeripheralPins.o)
    0x000069e0   0x0000007c   Data   RO         2372    .constdata          mbed.ar(gpio_api.o)
    0x00006a5c   0x00000086   Data   RO         2395    .constdata          mbed.ar(i2c_api.o)
    0x00006ae2   0x00000002   PAD
    0x00006ae4   0x00000068   Data   RO         2416    .constdata          mbed.ar(pinmap.o)
    0x00006b4c   0x00000014   Data   RO         2509    .constdata          mbed.ar(us_ticker_api.o)
    0x00006b60   0x00000008   Data   RO         2510    .constdata          mbed.ar(us_ticker_api.o)
    0x00006b68   0x00000040   Data   RO         3220    .constdata          mc_p.l(ctype_c.o)
    0x00006ba8   0x0000002c   Data   RO         1287    .constdata__ZTV14BufferedSerial  bufferedserial.o
    0x00006bd4   0x00000080   Data   RO         1197    .constdata__ZTV6USBCDC  usbcdc.o
    0x00006c54   0x00000044   Data   RO          616    .constdata__ZTV6USBHAL  usbhal_lpc11u.o
    0x00006c98   0x0000007c   Data   RO          744    .constdata__ZTV9USBDevice  usbdevice.o
    0x00006d14   0x000000d4   Data   RO         1104    .constdata__ZTV9USBSerial  usbserial.o
    0x00006de8   0x0000002c   Data   RO         1948    .constdata__ZTVN4mbed10FileHandleE  retarget.o
    0x00006e14   0x00000010   Data   RO         2189    .constdata__ZTVN4mbed10SerialBaseE  mbed.ar(SerialBase.o)
    0x00006e24   0x00000044   Data   RO         2257    .constdata__ZTVN4mbed6StreamE  mbed.ar(Stream.o)
    0x00006e68   0x00000010   Data   RO         2486    .constdata__ZTVN4mbed8FileBaseE  mbed.ar(FileBase.o)
    0x00006e78   0x0000003c   Data   RO         2456    .constdata__ZTVN4mbed8FileLikeE  mbed.ar(FileLike.o)
    0x00006eb4   0x00000010   Data   RO         2139    .constdata__ZTVN4mbed9RawSerialE  mbed.ar(RawSerial.o)
    0x00006ec4   0x00000020   Data   RO         3227    Region$$Table       anon$$obj.o
    0x00006ee4   0x00000004   Data   RO           49    .init_array         main.o


    Execution Region RW_IRAM1 (Base: 0x100000c0, Size: 0x000004d0, Max: 0x00001f40, ABSOLUTE, COMPRESSED[0x000000c0])

    Base Addr    Size         Type   Attr      Idx    E Section Name        Object

    0x100000c0   0x0000000c   Data   RW           26    .data               pebbleserial.o
    0x100000cc   0x0000000c   Data   RW           48    .data               main.o
    0x100000d8   0x0000001c   Data   RW          597    .data               usbhal_lpc11u.o
    0x100000f4   0x00000068   Data   RW          728    .data               usbdevice.o
    0x1000015c   0x00000087   Data   RW         1180    .data               usbcdc.o
    0x100001e3   0x00000008   Data   RW         1695    .data               xadowgps.o
    0x100001eb   0x00000002   Data   RW         1767    .data               xadownfc.o
    0x100001ed   0x00000003   PAD
    0x100001f0   0x00000004   Data   RW         1820    .data               system_LPC11Uxx.o
    0x100001f4   0x00000004   Data   RW         1829    .data               cmsis_nvic.o
    0x100001f8   0x00000004   Data   RW         1898    .data               retarget.o
    0x100001fc   0x00000014   Data   RW         1984    .data               mbed.ar(serial_api.o)
    0x10000210   0x00000004   Data   RW         2082    .data               mbed.ar(I2C.o)
    0x10000214   0x00000004   Data   RW         2322    .data               mbed.ar(semihost_api.o)
    0x10000218   0x00000004   Data   RW         2428    .data               mbed.ar(us_ticker.o)
    0x1000021c   0x00000004   Data   RW         2475    .data               mbed.ar(FileBase.o)
    0x10000220   0x00000008   Data   RW         2511    .data               mbed.ar(us_ticker_api.o)
    0x10000228   0x00000004   Data   RW         3127    .data               mc_p.l(mvars.o)
    0x1000022c   0x00000004   Data   RW         3128    .data               mc_p.l(mvars.o)
    0x10000230   0x00000004   Data   RW         3132    .data               mc_p.l(errno.o)
    0x10000234   0x00000004   Data   RW         3158    .data               mc_p.l(cpp_dtor.o)
    0x10000238   0x00000004   Data   RW         3163    .data               mc_p.l(cpp_memory.o)
    0x1000023c   0x00000008   Data   RW         3168    .data               mc_p.l(cpp_unwinder.o)
    0x10000244   0x0000000c   Zero   RW           25    .bss                pebbleserial.o
    0x10000250   0x0000022c   Zero   RW           46    .bss                main.o
    0x1000047c   0x000000a0   Zero   RW          595    .bss                usbhal_lpc11u.o
    0x1000051c   0x0000000a   Zero   RW         1766    .bss                xadownfc.o
    0x10000526   0x00000002   PAD
    0x10000528   0x00000040   Zero   RW         1894    .bss                retarget.o
    0x10000568   0x00000014   Zero   RW         2733    .bss                mc_p.l(stdout_f.o)
    0x1000057c   0x00000014   Zero   RW         2734    .bss                mc_p.l(stderr_f.o)
    0x10000590   0x00000000   Zero   RW         1804    HEAP                startup_LPC11xx.o


    Execution Region RW_IRAM2 (Base: 0x20004000, Size: 0x00000000, Max: 0x00000800, ABSOLUTE)

    **** No section assigned to this execution region ****


==============================================================================

Image component sizes


      Code (inc. data)   RO Data    RW Data    ZI Data      Debug   Object Name

       268         10        130          0          0         68   board.o
        60          0          0          0          0       1276   buffer.o
       964        112         60          0          0      10360   bufferedserial.o
        72         10          0          4          0         80   cmsis_nvic.o
       132          0          0          0          0       6037   hdlc.o
      2126        528         12         12        556      47056   main.o
       748         18          0         12         12       4409   pebbleserial.o
       566         64         44          4         64        740   retarget.o
        40         12        512          0          0        228   startup_LPC11xx.o
       172         22          0          4          0         80   system_LPC11Uxx.o
        38          0          0          0          0       8580   usbaudio.o
       582         30        128        135          0       8920   usbcdc.o
      2558         72        124        104          0      18380   usbdevice.o
      2800        150        132         28        160      20289   usbhal_lpc11u.o
         0          0          0          0          0       2052   usbmidi.o
       428          0        212          0          0      13136   usbserial.o
      1056         16          0          8          0      11032   xadowgps.o
       620         12          0          2         10       6693   xadownfc.o

    ----------------------------------------------------------------------
     13238       1056       1388        316        804     159416   Object Totals
         0          0         32          0          0          0   (incl. Generated)
         8          0          2          3          2          0   (incl. Padding)

    ----------------------------------------------------------------------

      Code (inc. data)   RO Data    RW Data    ZI Data      Debug   Library Member Name

        44          0          0          0          0         76   aeabi_atexit.o
        32          0          0          0          0         80   aeabi_vec_ctor_nocookie_nodtor.o
        84         12          0          0          0         96   arm_exceptions_globs.o
        66          0          0          0          0        100   arm_exceptions_mem.o
        28          0          0          0          0         68   arm_exceptions_terminate.o
         8          0          0          0          0         68   arm_newhandler_noexceptions.o
         8          0          0          0          0         68   array_del.o
         8          0          0          0          0         68   array_new.o
        66          0          0          0          0         76   cxa_finalize.o
        18          0          0          0          0         60   cxa_guard_acquire.o
         8          0          0          0          0         68   delete.o
        40          4          0          0          0         68   new.o
        10          0          0          0          0         68   pure_virt.o
        42          0          0          0          0         76   atof.o
       152         22         16          4          0        252   FileBase.o
        52         12         60          0          0        136   FileLike.o
       164          0          0          0          0        392   FilePath.o
       192         26          0          4          0        312   I2C.o
         0          0        252          0          0          0   PeripheralPins.o
        16          4         16          0          0         68   RawSerial.o
       190         14         16          0          0        360   SerialBase.o
       186         26         68          0          0        492   Stream.o
       348         72        107          0          0        148   analogin_api.o
        68         52          0          0          0         68   assert.o
        24          4          0          0          0         72   error.o
        64          8        130          0          0         72   gpio.o
       206         46        124          0          0        212   gpio_api.o
       796         72        134          0          0        380   i2c_api.o
         8          0          0          0          0         68   mbed_interface.o
       176         64        104          0          0        140   pinmap.o
       224         74          0          0          0        204   pinmap_common.o
        24          6          0          4          0        128   semihost_api.o
       940        178        240         20          0        672   serial_api.o
        74          0          0          0          0         68   ticker_api.o
       232         70          0          4          0        324   us_ticker.o
        16          6         28          8          0         68   us_ticker_api.o
        64          4          0          0          0        144   wait_api.o
        60         10          0          0          0         84   __0sscanf.o
        86          0          0          0          0          0   __dczerorl2.o
        30          0          0          0          0         60   _chval.o
       820         14          0          0          0         84   _scanf.o
       330          0          0          0          0         84   _scanf_int.o
        68          0          0          0          0         76   _sgetc.o
         8          4          0          4          0         60   cpp_dtor.o
         2          0          0          0          0         60   cpp_final.o
        32         10          0          0          0         72   cpp_init.o
         8          4          0          4          0         60   cpp_memory.o
        32          6          0          8          0        228   cpp_unwinder.o
        36          4         64          0          0         60   ctype_c.o
         0          0          0          0          0          0   entry.o
         0          0          0          0          0          0   entry10a.o
         0          0          0          0          0          0   entry11a.o
         8          4          0          0          0          0   entry2.o
         4          0          0          0          0          0   entry5.o
         4          0          0          0          0          0   entry6b.o
         0          0          0          0          0          0   entry7b.o
         4          0          0          0          0          0   entry8a.o
         0          0          0          0          0          0   entry8b.o
         8          4          0          0          0          0   entry9a.o
        24         12          0          4          0        120   errno.o
        10          0          0          0          0         68   fclose_f.o
        38          0          0          0          0         72   fflush_fe.o
       134          0          0          0          0        144   fopen_f.o
        42          0          0          0          0         72   fputc_fp.o
        30          0          0          0          0          0   handlers.o
        40          0          0          0          0         72   idiv.o
        36          8          0          0          0         68   init.o
        32         12          0          0          0         64   initio_oe.o
        14          0          0          0          0         68   isspace_c.o
         0          0          0          0          0          0   iusefp.o
       122          0          0          0          0         84   llmul.o
        32          0          0          0          0         68   llshl.o
        38          0          0          0          0         68   llsshr.o
        34          0          0          0          0         68   llushr.o
       192         20          0          0          0        144   malloc.o
        26          0          0          0          0         72   memcmp.o
        36          0          0          0          0         60   memcpya.o
        36          0          0          0          0        100   memseta.o
         0          0          0          8          0          0   mvars.o
      2314        108          0          0          0        616   printfa.o
        44          8          0          0          0         84   scanf_char.o
       858         12          0          0          0        184   scanf_fp.o
         0          0          0          0         20          0   stderr_f.o
         0          0          0          0         20          0   stdout_f.o
        28          0          0          0          0         68   strcmp.o
        14          0          0          0          0         60   strlen.o
        30          0          0          0          0         72   strncmp.o
        26          0          0          0          0         68   strncpy.o
       164         18          0          0          0        120   strtod.o
        44          0          0          0          0         72   uidiv.o
        96          0          0          0          0         84   uldiv.o
        20          0          0          0          0         60   uread4.o
        18          0          0          0          0         60   uwrite4.o
        40          2          0          0          0         68   cdrcmple.o
        56          0          0          0          0         68   d2f.o
       356          6          0          0          0        140   dadd.o
       240          6          0          0          0         84   ddiv.o
       238          0          0          0          0        216   depilogue.o
        64         10          0          0          0         68   dfixul.o
        28          6          0          0          0         68   dfltul.o
       208          6          0          0          0         88   dmul.o
        40          0          0          0          0         60   f2d.o
       132          0          0          0          0        144   fepilogue.o
        50          0          0          0          0         60   ffixi.o
        14          0          0          0          0         68   ffltui.o
       122          0          0          0          0         72   fmul.o

    ----------------------------------------------------------------------
     12402       1070       1364         72         40      10912   Library Totals
        24          0          5          0          0          0   (incl. Padding)

    ----------------------------------------------------------------------

      Code (inc. data)   RO Data    RW Data    ZI Data      Debug   Library Name

       420         16          0          0          0        964   cpprt_p.l
        42          0          0          0          0         76   m_ps.l
      4216        760       1295         44          0       4780   mbed.ar
      6112        258         64         28         40       3888   mc_p.l
      1588         36          0          0          0       1204   mf_p.l

    ----------------------------------------------------------------------
     12402       1070       1364         72         40      10912   Library Totals

    ----------------------------------------------------------------------

==============================================================================


      Code (inc. data)   RO Data    RW Data    ZI Data      Debug   

     25640       2126       2752        388        844     160984   Grand Totals
     25640       2126       2752        192        844     160984   ELF Image Totals (compressed)
     25640       2126       2752        192          0          0   ROM Totals

==============================================================================

    Total RO  Size (Code + RO Data)                28392 (  27.73kB)
    Total RW  Size (RW Data + ZI Data)              1232 (   1.20kB)
    Total ROM Size (Code + RO Data + RW Data)      28584 (  27.91kB)

==============================================================================

