Archive member included because of file (symbol)

/Users/Jack/pebble-dev/PebbleSDK-3.0/Pebble/basalt/lib/libpebble.a(tmpEnv4nopebble.o)
                              src/xadow_index_window.c.14.o (app_event_loop)
/Developer/Tools/gcc-arm-none-eabi-4_9-2015q1/bin/../lib/gcc/arm-none-eabi/4.9.3/armv7-m/libgcc.a(_arm_addsubdf3.o)
                              src/xadow_index_window.c.14.o (__aeabi_dsub)
/Developer/Tools/gcc-arm-none-eabi-4_9-2015q1/bin/../lib/gcc/arm-none-eabi/4.9.3/armv7-m/libgcc.a(_arm_muldivdf3.o)
                              src/xadow_index_window.c.14.o (__aeabi_dmul)
/Developer/Tools/gcc-arm-none-eabi-4_9-2015q1/bin/../lib/gcc/arm-none-eabi/4.9.3/armv7-m/libgcc.a(_arm_cmpdf2.o)
                              src/xadow_index_window.c.14.o (__aeabi_dcmplt)
/Developer/Tools/gcc-arm-none-eabi-4_9-2015q1/bin/../lib/gcc/arm-none-eabi/4.9.3/armv7-m/libgcc.a(_arm_fixdfsi.o)
                              src/xadow_index_window.c.14.o (__aeabi_d2iz)
/Developer/Tools/gcc-arm-none-eabi-4_9-2015q1/bin/../lib/gcc/arm-none-eabi/4.9.3/armv7-m/libgcc.a(_arm_cmpsf2.o)
                              src/xadow_index_window.c.14.o (__aeabi_fcmpgt)
/Developer/Tools/gcc-arm-none-eabi-4_9-2015q1/bin/../lib/gcc/arm-none-eabi/4.9.3/../../../../arm-none-eabi/lib/armv7-m/libc.a(lib_a-exit.o)
                              /Developer/Tools/gcc-arm-none-eabi-4_9-2015q1/bin/../lib/gcc/arm-none-eabi/4.9.3/../../../../arm-none-eabi/lib/armv7-m/crt0.o (exit)
/Developer/Tools/gcc-arm-none-eabi-4_9-2015q1/bin/../lib/gcc/arm-none-eabi/4.9.3/../../../../arm-none-eabi/lib/armv7-m/libc.a(lib_a-impure.o)
                              /Developer/Tools/gcc-arm-none-eabi-4_9-2015q1/bin/../lib/gcc/arm-none-eabi/4.9.3/../../../../arm-none-eabi/lib/armv7-m/libc.a(lib_a-exit.o) (_global_impure_ptr)
/Developer/Tools/gcc-arm-none-eabi-4_9-2015q1/bin/../lib/gcc/arm-none-eabi/4.9.3/../../../../arm-none-eabi/lib/armv7-m/libc.a(lib_a-init.o)
                              /Developer/Tools/gcc-arm-none-eabi-4_9-2015q1/bin/../lib/gcc/arm-none-eabi/4.9.3/../../../../arm-none-eabi/lib/armv7-m/crt0.o (__libc_init_array)
/Developer/Tools/gcc-arm-none-eabi-4_9-2015q1/bin/../lib/gcc/arm-none-eabi/4.9.3/../../../../arm-none-eabi/lib/armv7-m/libc.a(lib_a-__call_atexit.o)
                              /Developer/Tools/gcc-arm-none-eabi-4_9-2015q1/bin/../lib/gcc/arm-none-eabi/4.9.3/../../../../arm-none-eabi/lib/armv7-m/libc.a(lib_a-exit.o) (__call_exitprocs)
/Developer/Tools/gcc-arm-none-eabi-4_9-2015q1/bin/../lib/gcc/arm-none-eabi/4.9.3/../../../../arm-none-eabi/lib/armv7-m/libc.a(lib_a-atexit.o)
                              /Developer/Tools/gcc-arm-none-eabi-4_9-2015q1/bin/../lib/gcc/arm-none-eabi/4.9.3/../../../../arm-none-eabi/lib/armv7-m/libc.a(lib_a-__call_atexit.o) (atexit)
/Developer/Tools/gcc-arm-none-eabi-4_9-2015q1/bin/../lib/gcc/arm-none-eabi/4.9.3/../../../../arm-none-eabi/lib/armv7-m/libc.a(lib_a-fini.o)
                              /Developer/Tools/gcc-arm-none-eabi-4_9-2015q1/bin/../lib/gcc/arm-none-eabi/4.9.3/../../../../arm-none-eabi/lib/armv7-m/libc.a(lib_a-__call_atexit.o) (__libc_fini_array)
/Developer/Tools/gcc-arm-none-eabi-4_9-2015q1/bin/../lib/gcc/arm-none-eabi/4.9.3/../../../../arm-none-eabi/lib/armv7-m/libc.a(lib_a-__atexit.o)
                              /Developer/Tools/gcc-arm-none-eabi-4_9-2015q1/bin/../lib/gcc/arm-none-eabi/4.9.3/../../../../arm-none-eabi/lib/armv7-m/libc.a(lib_a-atexit.o) (__register_exitproc)

Discarded input sections

 .text          0x0000000000000000        0x0 /Developer/Tools/gcc-arm-none-eabi-4_9-2015q1/bin/../lib/gcc/arm-none-eabi/4.9.3/armv7-m/crti.o
 .bss           0x0000000000000000        0x0 /Developer/Tools/gcc-arm-none-eabi-4_9-2015q1/bin/../lib/gcc/arm-none-eabi/4.9.3/armv7-m/crti.o
 .init          0x0000000000000000        0x4 /Developer/Tools/gcc-arm-none-eabi-4_9-2015q1/bin/../lib/gcc/arm-none-eabi/4.9.3/armv7-m/crti.o
 .fini          0x0000000000000000        0x4 /Developer/Tools/gcc-arm-none-eabi-4_9-2015q1/bin/../lib/gcc/arm-none-eabi/4.9.3/armv7-m/crti.o
 .text          0x0000000000000000       0x5c /Developer/Tools/gcc-arm-none-eabi-4_9-2015q1/bin/../lib/gcc/arm-none-eabi/4.9.3/armv7-m/crtbegin.o
 .bss           0x0000000000000000       0x1c /Developer/Tools/gcc-arm-none-eabi-4_9-2015q1/bin/../lib/gcc/arm-none-eabi/4.9.3/armv7-m/crtbegin.o
 .init_array    0x0000000000000000        0x4 /Developer/Tools/gcc-arm-none-eabi-4_9-2015q1/bin/../lib/gcc/arm-none-eabi/4.9.3/armv7-m/crtbegin.o
 .fini_array    0x0000000000000000        0x4 /Developer/Tools/gcc-arm-none-eabi-4_9-2015q1/bin/../lib/gcc/arm-none-eabi/4.9.3/armv7-m/crtbegin.o
 .eh_frame      0x0000000000000000        0x0 /Developer/Tools/gcc-arm-none-eabi-4_9-2015q1/bin/../lib/gcc/arm-none-eabi/4.9.3/armv7-m/crtbegin.o
 .jcr           0x0000000000000000        0x0 /Developer/Tools/gcc-arm-none-eabi-4_9-2015q1/bin/../lib/gcc/arm-none-eabi/4.9.3/armv7-m/crtbegin.o
[...]
Memory Configuration

Name             Origin             Length             Attributes
APP              0x0000000000000000 0x0000000000010000 xrw
*default*        0x0000000000000000 0xffffffffffffffff

Linker script and memory map

LOAD /Developer/Tools/gcc-arm-none-eabi-4_9-2015q1/bin/../lib/gcc/arm-none-eabi/4.9.3/armv7-m/crti.o
LOAD /Developer/Tools/gcc-arm-none-eabi-4_9-2015q1/bin/../lib/gcc/arm-none-eabi/4.9.3/armv7-m/crtbegin.o
LOAD /Developer/Tools/gcc-arm-none-eabi-4_9-2015q1/bin/../lib/gcc/arm-none-eabi/4.9.3/../../../../arm-none-eabi/lib/armv7-m/crt0.o
LOAD src/dialog_choice_window.c.14.o
LOAD src/xadow_index_window.c.14.o
LOAD basalt/appinfo.auto.c.14.o
LOAD /Users/Jack/pebble-dev/PebbleSDK-3.0/Pebble/basalt/lib/libpebble.a
START GROUP
LOAD /Developer/Tools/gcc-arm-none-eabi-4_9-2015q1/bin/../lib/gcc/arm-none-eabi/4.9.3/armv7-m/libgcc.a
LOAD /Developer/Tools/gcc-arm-none-eabi-4_9-2015q1/bin/../lib/gcc/arm-none-eabi/4.9.3/../../../../arm-none-eabi/lib/armv7-m/libc.a
END GROUP
LOAD /Developer/Tools/gcc-arm-none-eabi-4_9-2015q1/bin/../lib/gcc/arm-none-eabi/4.9.3/armv7-m/crtend.o
LOAD /Developer/Tools/gcc-arm-none-eabi-4_9-2015q1/bin/../lib/gcc/arm-none-eabi/4.9.3/armv7-m/crtn.o

.header         0x0000000000000000       0x82
 *(.pbl_header)
 .pbl_header    0x0000000000000000       0x82 basalt/appinfo.auto.c.14.o
                0x0000000000000000                __pbl_app_info

.note.gnu.build-id
                0x0000000000000082       0x26
                0x0000000000000082                PROVIDE (BUILD_ID, .)
 *(.note.gnu.build-id)
 *fill*         0x0000000000000082        0x2 
 .note.gnu.build-id
                0x0000000000000084       0x24 linker stubs

.text           0x00000000000000a8     0x192c
 *(.text)
 .text          0x00000000000000a8       0x14 /Users/Jack/pebble-dev/PebbleSDK-3.0/Pebble/basalt/lib/libpebble.a(tmpEnv4nopebble.o)
 .text          0x00000000000000bc      0x370 /Developer/Tools/gcc-arm-none-eabi-4_9-2015q1/bin/../lib/gcc/arm-none-eabi/4.9.3/armv7-m/libgcc.a(_arm_addsubdf3.o)
                0x00000000000000bc                __aeabi_drsub
                0x00000000000000c4                __subdf3
                0x00000000000000c4                __aeabi_dsub
                0x00000000000000c8                __aeabi_dadd
                0x00000000000000c8                __adddf3
                0x0000000000000340                __aeabi_ui2d
                0x0000000000000340                __floatunsidf
                0x0000000000000360                __floatsidf
                0x0000000000000360                __aeabi_i2d
                0x0000000000000384                __extendsfdf2
                0x0000000000000384                __aeabi_f2d
                0x00000000000003c0                __aeabi_ul2d
                0x00000000000003c0                __floatundidf
                0x00000000000003d0                __aeabi_l2d
                0x00000000000003d0                __floatdidf
 .text          0x000000000000042c      0x424 /Developer/Tools/gcc-arm-none-eabi-4_9-2015q1/bin/../lib/gcc/arm-none-eabi/4.9.3/armv7-m/libgcc.a(_arm_muldivdf3.o)
                0x000000000000042c                __aeabi_dmul
                0x000000000000042c                __muldf3
                0x0000000000000680                __aeabi_ddiv
                0x0000000000000680                __divdf3
 .text          0x0000000000000850      0x110 /Developer/Tools/gcc-arm-none-eabi-4_9-2015q1/bin/../lib/gcc/arm-none-eabi/4.9.3/armv7-m/libgcc.a(_arm_cmpdf2.o)
                0x0000000000000850                __gtdf2
                0x0000000000000850                __gedf2
                0x0000000000000858                __ltdf2
                0x0000000000000858                __ledf2
                0x0000000000000860                __eqdf2
                0x0000000000000860                __nedf2
                0x0000000000000860                __cmpdf2
                0x00000000000008dc                __aeabi_cdrcmple
                0x00000000000008ec                __aeabi_cdcmple
                0x00000000000008ec                __aeabi_cdcmpeq
                0x00000000000008fc                __aeabi_dcmpeq
                0x0000000000000910                __aeabi_dcmplt
                0x0000000000000924                __aeabi_dcmple
                0x0000000000000938                __aeabi_dcmpge
                0x000000000000094c                __aeabi_dcmpgt
 .text          0x0000000000000960       0x50 /Developer/Tools/gcc-arm-none-eabi-4_9-2015q1/bin/../lib/gcc/arm-none-eabi/4.9.3/armv7-m/libgcc.a(_arm_fixdfsi.o)
                0x0000000000000960                __fixdfsi
                0x0000000000000960                __aeabi_d2iz
 .text          0x00000000000009b0       0xec /Developer/Tools/gcc-arm-none-eabi-4_9-2015q1/bin/../lib/gcc/arm-none-eabi/4.9.3/armv7-m/libgcc.a(_arm_cmpsf2.o)
                0x00000000000009b0                __gesf2
                0x00000000000009b0                __gtsf2
                0x00000000000009b8                __ltsf2
                0x00000000000009b8                __lesf2
                0x00000000000009c0                __nesf2
                0x00000000000009c0                __eqsf2
                0x00000000000009c0                __cmpsf2
                0x0000000000000a20                __aeabi_cfrcmple
                0x0000000000000a28                __aeabi_cfcmpeq
                0x0000000000000a28                __aeabi_cfcmple
                0x0000000000000a38                __aeabi_fcmpeq
                0x0000000000000a4c                __aeabi_fcmplt
                0x0000000000000a60                __aeabi_fcmple
                0x0000000000000a74                __aeabi_fcmpge
                0x0000000000000a88                __aeabi_fcmpgt
 *(.text.*)
 .text.window_unload
                0x0000000000000a9c       0x6c src/dialog_choice_window.c.14.o
 .text.window_load
                0x0000000000000b08      0x178 src/dialog_choice_window.c.14.o
 .text.click_config_provider
                0x0000000000000c80       0x24 src/dialog_choice_window.c.14.o
 .text.down_click_handler
                0x0000000000000ca4       0x50 src/dialog_choice_window.c.14.o
 .text.up_click_handler
                0x0000000000000cf4       0x50 src/dialog_choice_window.c.14.o
 .text.charge_setting_result_read_done
                0x0000000000000d44       0x14 src/dialog_choice_window.c.14.o
 .text.dialog_choice_window_push
                0x0000000000000d58       0x6c src/dialog_choice_window.c.14.o
                0x0000000000000d58                dialog_choice_window_push
 .text.conn_timer_handler
                0x0000000000000dc4        0xc src/xadow_index_window.c.14.o
 .text.prv_send_request
                0x0000000000000dd0       0x4c src/xadow_index_window.c.14.o
 .text.data_text_hide
                0x0000000000000e1c       0x1c src/xadow_index_window.c.14.o
 .text.connection_status_text_show
                0x0000000000000e38       0x1c src/xadow_index_window.c.14.o
 .text.down_click_handler
                0x0000000000000e54        0xe src/xadow_index_window.c.14.o
 *fill*         0x0000000000000e62        0x2 
 .text.connection_status_text_hide
                0x0000000000000e64       0x1c src/xadow_index_window.c.14.o
 .text.prv_main_window_unload
                0x0000000000000e80       0x24 src/xadow_index_window.c.14.o
 .text.click_config_provider
                0x0000000000000ea4       0x30 src/xadow_index_window.c.14.o
 .text.select_click_handler
                0x0000000000000ed4       0x14 src/xadow_index_window.c.14.o
 .text.update_connection_status_text
                0x0000000000000ee8       0x8c src/xadow_index_window.c.14.o
 .text.prv_main_window_load
                0x0000000000000f74      0x124 src/xadow_index_window.c.14.o
 .text.startup.main
                0x0000000000001098       0x88 src/xadow_index_window.c.14.o
                0x0000000000001098                main
 .text.ftoa     0x0000000000001120       0xf8 src/xadow_index_window.c.14.o
                0x0000000000001120                ftoa
 .text.update_data_text.part.1
                0x0000000000001218      0x124 src/xadow_index_window.c.14.o
 .text.prv_read_done
                0x000000000000133c      0x20c src/xadow_index_window.c.14.o
 .text.data_text_show
                0x0000000000001548       0x2c src/xadow_index_window.c.14.o
 .text.prv_connection_callback
                0x0000000000001574       0x44 src/xadow_index_window.c.14.o
 .text.up_click_handler
                0x00000000000015b8       0x1c src/xadow_index_window.c.14.o
 .text.app_event_loop
                0x00000000000015d4        0xc /Users/Jack/pebble-dev/PebbleSDK-3.0/Pebble/basalt/lib/libpebble.a(tmpEnv4nopebble.o)
                0x00000000000015d4                app_event_loop
 .text.app_log  0x00000000000015e0        0xc /Users/Jack/pebble-dev/PebbleSDK-3.0/Pebble/basalt/lib/libpebble.a(tmpEnv4nopebble.o)
                0x00000000000015e0                app_log
 .text.app_timer_register
                0x00000000000015ec        0xc /Users/Jack/pebble-dev/PebbleSDK-3.0/Pebble/basalt/lib/libpebble.a(tmpEnv4nopebble.o)
                0x00000000000015ec                app_timer_register
 .text.bitmap_layer_create
                0x00000000000015f8        0xc /Users/Jack/pebble-dev/PebbleSDK-3.0/Pebble/basalt/lib/libpebble.a(tmpEnv4nopebble.o)
                0x00000000000015f8                bitmap_layer_create
 .text.bitmap_layer_destroy
                0x0000000000001604        0xc /Users/Jack/pebble-dev/PebbleSDK-3.0/Pebble/basalt/lib/libpebble.a(tmpEnv4nopebble.o)
                0x0000000000001604                bitmap_layer_destroy
 .text.bitmap_layer_get_layer
                0x0000000000001610        0xc /Users/Jack/pebble-dev/PebbleSDK-3.0/Pebble/basalt/lib/libpebble.a(tmpEnv4nopebble.o)
                0x0000000000001610                bitmap_layer_get_layer
 .text.bitmap_layer_set_bitmap
                0x000000000000161c        0xc /Users/Jack/pebble-dev/PebbleSDK-3.0/Pebble/basalt/lib/libpebble.a(tmpEnv4nopebble.o)
                0x000000000000161c                bitmap_layer_set_bitmap
 .text.bitmap_layer_set_compositing_mode
                0x0000000000001628        0xc /Users/Jack/pebble-dev/PebbleSDK-3.0/Pebble/basalt/lib/libpebble.a(tmpEnv4nopebble.o)
                0x0000000000001628                bitmap_layer_set_compositing_mode
 .text.fonts_get_system_font
                0x0000000000001634        0xc /Users/Jack/pebble-dev/PebbleSDK-3.0/Pebble/basalt/lib/libpebble.a(tmpEnv4nopebble.o)
                0x0000000000001634                fonts_get_system_font
 .text.gbitmap_create_with_resource
                0x0000000000001640        0xc /Users/Jack/pebble-dev/PebbleSDK-3.0/Pebble/basalt/lib/libpebble.a(tmpEnv4nopebble.o)
                0x0000000000001640                gbitmap_create_with_resource
 .text.gbitmap_destroy
                0x000000000000164c        0xc /Users/Jack/pebble-dev/PebbleSDK-3.0/Pebble/basalt/lib/libpebble.a(tmpEnv4nopebble.o)
                0x000000000000164c                gbitmap_destroy
 .text.layer_add_child
                0x0000000000001658        0xc /Users/Jack/pebble-dev/PebbleSDK-3.0/Pebble/basalt/lib/libpebble.a(tmpEnv4nopebble.o)
                0x0000000000001658                layer_add_child
 .text.layer_get_bounds
                0x0000000000001664        0xc /Users/Jack/pebble-dev/PebbleSDK-3.0/Pebble/basalt/lib/libpebble.a(tmpEnv4nopebble.o)
                0x0000000000001664                layer_get_bounds
 .text.layer_set_hidden
                0x0000000000001670        0xc /Users/Jack/pebble-dev/PebbleSDK-3.0/Pebble/basalt/lib/libpebble.a(tmpEnv4nopebble.o)
                0x0000000000001670                layer_set_hidden
 .text.memcpy   0x000000000000167c        0xc /Users/Jack/pebble-dev/PebbleSDK-3.0/Pebble/basalt/lib/libpebble.a(tmpEnv4nopebble.o)
                0x000000000000167c                memcpy
 .text.memset   0x0000000000001688        0xc /Users/Jack/pebble-dev/PebbleSDK-3.0/Pebble/basalt/lib/libpebble.a(tmpEnv4nopebble.o)
                0x0000000000001688                memset
 .text.snprintf
                0x0000000000001694        0xc /Users/Jack/pebble-dev/PebbleSDK-3.0/Pebble/basalt/lib/libpebble.a(tmpEnv4nopebble.o)
                0x0000000000001694                snprintf
 .text.strlen   0x00000000000016a0        0xc /Users/Jack/pebble-dev/PebbleSDK-3.0/Pebble/basalt/lib/libpebble.a(tmpEnv4nopebble.o)
                0x00000000000016a0                strlen
 .text.window_create
                0x00000000000016ac        0xc /Users/Jack/pebble-dev/PebbleSDK-3.0/Pebble/basalt/lib/libpebble.a(tmpEnv4nopebble.o)
                0x00000000000016ac                window_create
 .text.window_destroy
                0x00000000000016b8        0xc /Users/Jack/pebble-dev/PebbleSDK-3.0/Pebble/basalt/lib/libpebble.a(tmpEnv4nopebble.o)
                0x00000000000016b8                window_destroy
 .text.window_get_root_layer
                0x00000000000016c4        0xc /Users/Jack/pebble-dev/PebbleSDK-3.0/Pebble/basalt/lib/libpebble.a(tmpEnv4nopebble.o)
                0x00000000000016c4                window_get_root_layer
 .text.window_set_click_config_provider_with_context
                0x00000000000016d0        0xc /Users/Jack/pebble-dev/PebbleSDK-3.0/Pebble/basalt/lib/libpebble.a(tmpEnv4nopebble.o)
                0x00000000000016d0                window_set_click_config_provider_with_context
 .text.window_set_window_handlers
                0x00000000000016dc        0xc /Users/Jack/pebble-dev/PebbleSDK-3.0/Pebble/basalt/lib/libpebble.a(tmpEnv4nopebble.o)
                0x00000000000016dc                window_set_window_handlers
 .text.window_stack_push
                0x00000000000016e8        0xc /Users/Jack/pebble-dev/PebbleSDK-3.0/Pebble/basalt/lib/libpebble.a(tmpEnv4nopebble.o)
                0x00000000000016e8                window_stack_push
 .text.window_stack_remove
                0x00000000000016f4        0xc /Users/Jack/pebble-dev/PebbleSDK-3.0/Pebble/basalt/lib/libpebble.a(tmpEnv4nopebble.o)
                0x00000000000016f4                window_stack_remove
 .text.window_get_user_data
                0x0000000000001700        0xc /Users/Jack/pebble-dev/PebbleSDK-3.0/Pebble/basalt/lib/libpebble.a(tmpEnv4nopebble.o)
                0x0000000000001700                window_get_user_data
 .text.window_set_user_data
                0x000000000000170c        0xc /Users/Jack/pebble-dev/PebbleSDK-3.0/Pebble/basalt/lib/libpebble.a(tmpEnv4nopebble.o)
                0x000000000000170c                window_set_user_data
 .text.window_single_click_subscribe
                0x0000000000001718        0xc /Users/Jack/pebble-dev/PebbleSDK-3.0/Pebble/basalt/lib/libpebble.a(tmpEnv4nopebble.o)
                0x0000000000001718                window_single_click_subscribe
 .text.window_set_background_color
                0x0000000000001724        0xc /Users/Jack/pebble-dev/PebbleSDK-3.0/Pebble/basalt/lib/libpebble.a(tmpEnv4nopebble.o)
                0x0000000000001724                window_set_background_color
 .text.gbitmap_get_bounds
                0x0000000000001730        0xc /Users/Jack/pebble-dev/PebbleSDK-3.0/Pebble/basalt/lib/libpebble.a(tmpEnv4nopebble.o)
                0x0000000000001730                gbitmap_get_bounds
 .text.action_bar_layer_add_to_window
                0x000000000000173c        0xc /Users/Jack/pebble-dev/PebbleSDK-3.0/Pebble/basalt/lib/libpebble.a(tmpEnv4nopebble.o)
                0x000000000000173c                action_bar_layer_add_to_window
 .text.action_bar_layer_create
                0x0000000000001748        0xc /Users/Jack/pebble-dev/PebbleSDK-3.0/Pebble/basalt/lib/libpebble.a(tmpEnv4nopebble.o)
                0x0000000000001748                action_bar_layer_create
 .text.action_bar_layer_destroy
                0x0000000000001754        0xc /Users/Jack/pebble-dev/PebbleSDK-3.0/Pebble/basalt/lib/libpebble.a(tmpEnv4nopebble.o)
                0x0000000000001754                action_bar_layer_destroy
 .text.action_bar_layer_set_click_config_provider
                0x0000000000001760        0xc /Users/Jack/pebble-dev/PebbleSDK-3.0/Pebble/basalt/lib/libpebble.a(tmpEnv4nopebble.o)
                0x0000000000001760                action_bar_layer_set_click_config_provider
 .text.action_bar_layer_set_context
                0x000000000000176c        0xc /Users/Jack/pebble-dev/PebbleSDK-3.0/Pebble/basalt/lib/libpebble.a(tmpEnv4nopebble.o)
                0x000000000000176c                action_bar_layer_set_context
 .text.action_bar_layer_set_icon
                0x0000000000001778        0xc /Users/Jack/pebble-dev/PebbleSDK-3.0/Pebble/basalt/lib/libpebble.a(tmpEnv4nopebble.o)
                0x0000000000001778                action_bar_layer_set_icon
 .text.text_layer_create
                0x0000000000001784        0xc /Users/Jack/pebble-dev/PebbleSDK-3.0/Pebble/basalt/lib/libpebble.a(tmpEnv4nopebble.o)
                0x0000000000001784                text_layer_create
 .text.text_layer_destroy
                0x0000000000001790        0xc /Users/Jack/pebble-dev/PebbleSDK-3.0/Pebble/basalt/lib/libpebble.a(tmpEnv4nopebble.o)
                0x0000000000001790                text_layer_destroy
 .text.text_layer_get_layer
                0x000000000000179c        0xc /Users/Jack/pebble-dev/PebbleSDK-3.0/Pebble/basalt/lib/libpebble.a(tmpEnv4nopebble.o)
                0x000000000000179c                text_layer_get_layer
 .text.text_layer_set_background_color
                0x00000000000017a8        0xc /Users/Jack/pebble-dev/PebbleSDK-3.0/Pebble/basalt/lib/libpebble.a(tmpEnv4nopebble.o)
                0x00000000000017a8                text_layer_set_background_color
 .text.text_layer_set_font
                0x00000000000017b4        0xc /Users/Jack/pebble-dev/PebbleSDK-3.0/Pebble/basalt/lib/libpebble.a(tmpEnv4nopebble.o)
                0x00000000000017b4                text_layer_set_font
 .text.text_layer_set_overflow_mode
                0x00000000000017c0        0xc /Users/Jack/pebble-dev/PebbleSDK-3.0/Pebble/basalt/lib/libpebble.a(tmpEnv4nopebble.o)
                0x00000000000017c0                text_layer_set_overflow_mode
 .text.text_layer_set_text
                0x00000000000017cc        0xc /Users/Jack/pebble-dev/PebbleSDK-3.0/Pebble/basalt/lib/libpebble.a(tmpEnv4nopebble.o)
                0x00000000000017cc                text_layer_set_text
 .text.text_layer_set_text_alignment
                0x00000000000017d8        0xc /Users/Jack/pebble-dev/PebbleSDK-3.0/Pebble/basalt/lib/libpebble.a(tmpEnv4nopebble.o)
                0x00000000000017d8                text_layer_set_text_alignment
 .text.text_layer_set_text_color
                0x00000000000017e4        0xc /Users/Jack/pebble-dev/PebbleSDK-3.0/Pebble/basalt/lib/libpebble.a(tmpEnv4nopebble.o)
                0x00000000000017e4                text_layer_set_text_color
 .text.status_bar_layer_create
                0x00000000000017f0        0xc /Users/Jack/pebble-dev/PebbleSDK-3.0/Pebble/basalt/lib/libpebble.a(tmpEnv4nopebble.o)
                0x00000000000017f0                status_bar_layer_create
 .text.status_bar_layer_get_layer
                0x00000000000017fc        0xc /Users/Jack/pebble-dev/PebbleSDK-3.0/Pebble/basalt/lib/libpebble.a(tmpEnv4nopebble.o)
                0x00000000000017fc                status_bar_layer_get_layer
 .text.status_bar_layer_set_colors
                0x0000000000001808        0xc /Users/Jack/pebble-dev/PebbleSDK-3.0/Pebble/basalt/lib/libpebble.a(tmpEnv4nopebble.o)
                0x0000000000001808                status_bar_layer_set_colors
 .text.status_bar_layer_set_separator_mode
                0x0000000000001814        0xc /Users/Jack/pebble-dev/PebbleSDK-3.0/Pebble/basalt/lib/libpebble.a(tmpEnv4nopebble.o)
                0x0000000000001814                status_bar_layer_set_separator_mode
 .text.smartstrap_connect
                0x0000000000001820        0xc /Users/Jack/pebble-dev/PebbleSDK-3.0/Pebble/basalt/lib/libpebble.a(tmpEnv4nopebble.o)
                0x0000000000001820                smartstrap_connect
 .text.smartstrap_disconnect
                0x000000000000182c        0xc /Users/Jack/pebble-dev/PebbleSDK-3.0/Pebble/basalt/lib/libpebble.a(tmpEnv4nopebble.o)
                0x000000000000182c                smartstrap_disconnect
 .text.smartstrap_send
                0x0000000000001838        0xc /Users/Jack/pebble-dev/PebbleSDK-3.0/Pebble/basalt/lib/libpebble.a(tmpEnv4nopebble.o)
                0x0000000000001838                smartstrap_send
 .text.smartstrap_set_power
                0x0000000000001844        0xc /Users/Jack/pebble-dev/PebbleSDK-3.0/Pebble/basalt/lib/libpebble.a(tmpEnv4nopebble.o)
                0x0000000000001844                smartstrap_set_power
 *(.rodata)
 .rodata        0x0000000000001850       0x10 src/xadow_index_window.c.14.o
 *(.rodata*)
 .rodata.str1.1
                0x0000000000001860       0x8b src/dialog_choice_window.c.14.o
 .rodata.str1.1
                0x00000000000018eb       0xe9 src/xadow_index_window.c.14.o

.glue_7         0x00000000000019d4        0x0
 .glue_7        0x0000000000000000        0x0 linker stubs

.glue_7t        0x00000000000019d4        0x0
 .glue_7t       0x0000000000000000        0x0 linker stubs

.vfp11_veneer   0x00000000000019d4        0x0
 .vfp11_veneer  0x0000000000000000        0x0 linker stubs

.v4_bx          0x00000000000019d4        0x0
 .v4_bx         0x0000000000000000        0x0 linker stubs

.iplt           0x00000000000019d4        0x0
 .iplt          0x0000000000000000        0x0 /Developer/Tools/gcc-arm-none-eabi-4_9-2015q1/bin/../lib/gcc/arm-none-eabi/4.9.3/armv7-m/crtbegin.o

.rel.dyn        0x00000000000019d4        0x0
 .rel.iplt      0x0000000000000000        0x0 /Developer/Tools/gcc-arm-none-eabi-4_9-2015q1/bin/../lib/gcc/arm-none-eabi/4.9.3/armv7-m/crtbegin.o

.data           0x00000000000019d4        0x5
 *(.data)
 .data          0x00000000000019d4        0x0 /Developer/Tools/gcc-arm-none-eabi-4_9-2015q1/bin/../lib/gcc/arm-none-eabi/4.9.3/armv7-m/crti.o
 .data          0x00000000000019d4        0x4 /Developer/Tools/gcc-arm-none-eabi-4_9-2015q1/bin/../lib/gcc/arm-none-eabi/4.9.3/armv7-m/crtbegin.o
                0x00000000000019d4                __dso_handle
 .data          0x00000000000019d8        0x0 /Developer/Tools/gcc-arm-none-eabi-4_9-2015q1/bin/../lib/gcc/arm-none-eabi/4.9.3/../../../../arm-none-eabi/lib/armv7-m/crt0.o
 .data          0x00000000000019d8        0x0 src/dialog_choice_window.c.14.o
 .data          0x00000000000019d8        0x0 src/xadow_index_window.c.14.o
 .data          0x00000000000019d8        0x0 basalt/appinfo.auto.c.14.o
 .data          0x00000000000019d8        0x0 /Users/Jack/pebble-dev/PebbleSDK-3.0/Pebble/basalt/lib/libpebble.a(tmpEnv4nopebble.o)
 .data          0x00000000000019d8        0x0 /Developer/Tools/gcc-arm-none-eabi-4_9-2015q1/bin/../lib/gcc/arm-none-eabi/4.9.3/armv7-m/libgcc.a(_arm_addsubdf3.o)
 .data          0x00000000000019d8        0x0 /Developer/Tools/gcc-arm-none-eabi-4_9-2015q1/bin/../lib/gcc/arm-none-eabi/4.9.3/armv7-m/libgcc.a(_arm_muldivdf3.o)
 .data          0x00000000000019d8        0x0 /Developer/Tools/gcc-arm-none-eabi-4_9-2015q1/bin/../lib/gcc/arm-none-eabi/4.9.3/armv7-m/libgcc.a(_arm_cmpdf2.o)
 .data          0x00000000000019d8        0x0 /Developer/Tools/gcc-arm-none-eabi-4_9-2015q1/bin/../lib/gcc/arm-none-eabi/4.9.3/armv7-m/libgcc.a(_arm_fixdfsi.o)
 .data          0x00000000000019d8        0x0 /Developer/Tools/gcc-arm-none-eabi-4_9-2015q1/bin/../lib/gcc/arm-none-eabi/4.9.3/armv7-m/libgcc.a(_arm_cmpsf2.o)
 .data          0x00000000000019d8        0x0 /Developer/Tools/gcc-arm-none-eabi-4_9-2015q1/bin/../lib/gcc/arm-none-eabi/4.9.3/../../../../arm-none-eabi/lib/armv7-m/libc.a(lib_a-exit.o)
 .data          0x00000000000019d8        0x0 /Developer/Tools/gcc-arm-none-eabi-4_9-2015q1/bin/../lib/gcc/arm-none-eabi/4.9.3/../../../../arm-none-eabi/lib/armv7-m/libc.a(lib_a-impure.o)
 .data          0x00000000000019d8        0x0 /Developer/Tools/gcc-arm-none-eabi-4_9-2015q1/bin/../lib/gcc/arm-none-eabi/4.9.3/../../../../arm-none-eabi/lib/armv7-m/libc.a(lib_a-init.o)
 .data          0x00000000000019d8        0x0 /Developer/Tools/gcc-arm-none-eabi-4_9-2015q1/bin/../lib/gcc/arm-none-eabi/4.9.3/../../../../arm-none-eabi/lib/armv7-m/libc.a(lib_a-__call_atexit.o)
 .data          0x00000000000019d8        0x0 /Developer/Tools/gcc-arm-none-eabi-4_9-2015q1/bin/../lib/gcc/arm-none-eabi/4.9.3/../../../../arm-none-eabi/lib/armv7-m/libc.a(lib_a-atexit.o)
 .data          0x00000000000019d8        0x0 /Developer/Tools/gcc-arm-none-eabi-4_9-2015q1/bin/../lib/gcc/arm-none-eabi/4.9.3/../../../../arm-none-eabi/lib/armv7-m/libc.a(lib_a-fini.o)
 .data          0x00000000000019d8        0x0 /Developer/Tools/gcc-arm-none-eabi-4_9-2015q1/bin/../lib/gcc/arm-none-eabi/4.9.3/../../../../arm-none-eabi/lib/armv7-m/libc.a(lib_a-__atexit.o)
 .data          0x00000000000019d8        0x0 /Developer/Tools/gcc-arm-none-eabi-4_9-2015q1/bin/../lib/gcc/arm-none-eabi/4.9.3/armv7-m/crtend.o
 .data          0x00000000000019d8        0x0 /Developer/Tools/gcc-arm-none-eabi-4_9-2015q1/bin/../lib/gcc/arm-none-eabi/4.9.3/armv7-m/crtn.o
 *(.data.*)
 .data.req_type
                0x00000000000019d8        0x1 src/xadow_index_window.c.14.o

.igot.plt       0x00000000000019dc        0x0
 .igot.plt      0x0000000000000000        0x0 /Developer/Tools/gcc-arm-none-eabi-4_9-2015q1/bin/../lib/gcc/arm-none-eabi/4.9.3/armv7-m/crtbegin.o

.bss            0x00000000000019dc      0x10e
 *(.bss)
 *(.bss.*)
 .bss.s_cross_bitmap
                0x00000000000019dc        0x4 src/dialog_choice_window.c.14.o
 .bss.s_tick_bitmap
                0x00000000000019e0        0x4 src/dialog_choice_window.c.14.o
 .bss.s_icon_bitmap
                0x00000000000019e4        0x4 src/dialog_choice_window.c.14.o
 .bss.s_diag_window
                0x00000000000019e8        0x4 src/dialog_choice_window.c.14.o
 .bss.resp_buffer
                0x00000000000019ec        0x3 src/dialog_choice_window.c.14.o
 *fill*         0x00000000000019ef        0x1 
 .bss.s_icon_layer
                0x00000000000019f0        0x4 src/dialog_choice_window.c.14.o
 .bss.s_label_layer
                0x00000000000019f4        0x4 src/dialog_choice_window.c.14.o
 .bss.s_action_bar_layer
                0x00000000000019f8        0x4 src/dialog_choice_window.c.14.o
 .bss.str_vbat  0x00000000000019fc        0xa src/xadow_index_window.c.14.o
 .bss.str_lon   0x0000000000001a06        0xa src/xadow_index_window.c.14.o
 .bss.lon       0x0000000000001a10        0x4 src/xadow_index_window.c.14.o
 .bss.fix       0x0000000000001a14        0x1 src/xadow_index_window.c.14.o
 .bss.connection_text
                0x0000000000001a15       0x14 src/xadow_index_window.c.14.o
 *fill*         0x0000000000001a29        0x3 
 .bss.cnt_dot   0x0000000000001a2c        0x4 src/xadow_index_window.c.14.o
 .bss.vbat      0x0000000000001a30        0x4 src/xadow_index_window.c.14.o
 .bss.str_alt   0x0000000000001a34        0xa src/xadow_index_window.c.14.o
 *fill*         0x0000000000001a3e        0x2 
 .bss.alt       0x0000000000001a40        0x4 src/xadow_index_window.c.14.o
 .bss.s_status_bar
                0x0000000000001a44        0x4 src/xadow_index_window.c.14.o
 .bss.cnt_fail  0x0000000000001a48        0x4 src/xadow_index_window.c.14.o
 .bss.s_main_window
                0x0000000000001a4c        0x4 src/xadow_index_window.c.14.o
 .bss.s_data_layer
                0x0000000000001a50        0x4 src/xadow_index_window.c.14.o
 .bss.velocity  0x0000000000001a54        0x4 src/xadow_index_window.c.14.o
 .bss.str_vel   0x0000000000001a58        0xa src/xadow_index_window.c.14.o
 *fill*         0x0000000000001a62        0x2 
 .bss.s_conn_status_layer
                0x0000000000001a64        0x4 src/xadow_index_window.c.14.o
 .bss.connected
                0x0000000000001a68        0x1 src/xadow_index_window.c.14.o
 .bss.tagid     0x0000000000001a69        0xa src/xadow_index_window.c.14.o
 .bss.s_buffer  0x0000000000001a73       0x65 src/xadow_index_window.c.14.o
 .bss.nfc_online
                0x0000000000001ad8        0x1 src/xadow_index_window.c.14.o
 .bss.str_lat   0x0000000000001ad9        0xa src/xadow_index_window.c.14.o
 *fill*         0x0000000000001ae3        0x1 
 .bss.lat       0x0000000000001ae4        0x4 src/xadow_index_window.c.14.o
 .bss.gps_online
                0x0000000000001ae8        0x1 src/xadow_index_window.c.14.o
 .bss.sat       0x0000000000001ae9        0x1 src/xadow_index_window.c.14.o

DISCARD
 libc.a(*)
 libm.a(*)
 libgcc.a(*)
 *(.eh_frame)
OUTPUT(/Users/Jack/Documents/Seeed/xadow_pebble/20150702b/pebbleapp_jack/build/basalt/pebble-app.elf elf32-littlearm)

.ARM.attributes
                0x0000000000000000       0x29
 .ARM.attributes
                0x0000000000000000       0x1d /Developer/Tools/gcc-arm-none-eabi-4_9-2015q1/bin/../lib/gcc/arm-none-eabi/4.9.3/armv7-m/crti.o
 .ARM.attributes
                0x000000000000001d       0x2d /Developer/Tools/gcc-arm-none-eabi-4_9-2015q1/bin/../lib/gcc/arm-none-eabi/4.9.3/armv7-m/crtbegin.o
 .ARM.attributes
                0x000000000000004a       0x1b /Developer/Tools/gcc-arm-none-eabi-4_9-2015q1/bin/../lib/gcc/arm-none-eabi/4.9.3/../../../../arm-none-eabi/lib/armv7-m/crt0.o
 .ARM.attributes
                0x0000000000000065       0x33 src/dialog_choice_window.c.14.o
 .ARM.attributes
                0x0000000000000098       0x33 src/xadow_index_window.c.14.o
 .ARM.attributes
                0x00000000000000cb       0x33 basalt/appinfo.auto.c.14.o
 .ARM.attributes
                0x00000000000000fe       0x21 /Users/Jack/pebble-dev/PebbleSDK-3.0/Pebble/basalt/lib/libpebble.a(tmpEnv4nopebble.o)
 .ARM.attributes
                0x000000000000011f       0x1d /Developer/Tools/gcc-arm-none-eabi-4_9-2015q1/bin/../lib/gcc/arm-none-eabi/4.9.3/armv7-m/libgcc.a(_arm_addsubdf3.o)
 .ARM.attributes
                0x000000000000013c       0x1d /Developer/Tools/gcc-arm-none-eabi-4_9-2015q1/bin/../lib/gcc/arm-none-eabi/4.9.3/armv7-m/libgcc.a(_arm_muldivdf3.o)
 .ARM.attributes
                0x0000000000000159       0x1d /Developer/Tools/gcc-arm-none-eabi-4_9-2015q1/bin/../lib/gcc/arm-none-eabi/4.9.3/armv7-m/libgcc.a(_arm_cmpdf2.o)
 .ARM.attributes
                0x0000000000000176       0x1d /Developer/Tools/gcc-arm-none-eabi-4_9-2015q1/bin/../lib/gcc/arm-none-eabi/4.9.3/armv7-m/libgcc.a(_arm_fixdfsi.o)
 .ARM.attributes
                0x0000000000000193       0x1d /Developer/Tools/gcc-arm-none-eabi-4_9-2015q1/bin/../lib/gcc/arm-none-eabi/4.9.3/armv7-m/libgcc.a(_arm_cmpsf2.o)
 .ARM.attributes
                0x00000000000001b0       0x2d /Developer/Tools/gcc-arm-none-eabi-4_9-2015q1/bin/../lib/gcc/arm-none-eabi/4.9.3/../../../../arm-none-eabi/lib/armv7-m/libc.a(lib_a-exit.o)
 .ARM.attributes
                0x00000000000001dd       0x2d /Developer/Tools/gcc-arm-none-eabi-4_9-2015q1/bin/../lib/gcc/arm-none-eabi/4.9.3/../../../../arm-none-eabi/lib/armv7-m/libc.a(lib_a-impure.o)
 .ARM.attributes
                0x000000000000020a       0x2d /Developer/Tools/gcc-arm-none-eabi-4_9-2015q1/bin/../lib/gcc/arm-none-eabi/4.9.3/../../../../arm-none-eabi/lib/armv7-m/libc.a(lib_a-init.o)
 .ARM.attributes
                0x0000000000000237       0x2d /Developer/Tools/gcc-arm-none-eabi-4_9-2015q1/bin/../lib/gcc/arm-none-eabi/4.9.3/../../../../arm-none-eabi/lib/armv7-m/libc.a(lib_a-__call_atexit.o)
 .ARM.attributes
                0x0000000000000264       0x2d /Developer/Tools/gcc-arm-none-eabi-4_9-2015q1/bin/../lib/gcc/arm-none-eabi/4.9.3/../../../../arm-none-eabi/lib/armv7-m/libc.a(lib_a-atexit.o)
 .ARM.attributes
                0x0000000000000291       0x2d /Developer/Tools/gcc-arm-none-eabi-4_9-2015q1/bin/../lib/gcc/arm-none-eabi/4.9.3/../../../../arm-none-eabi/lib/armv7-m/libc.a(lib_a-fini.o)
 .ARM.attributes
                0x00000000000002be       0x2d /Developer/Tools/gcc-arm-none-eabi-4_9-2015q1/bin/../lib/gcc/arm-none-eabi/4.9.3/../../../../arm-none-eabi/lib/armv7-m/libc.a(lib_a-__atexit.o)
 .ARM.attributes
                0x00000000000002eb       0x2d /Developer/Tools/gcc-arm-none-eabi-4_9-2015q1/bin/../lib/gcc/arm-none-eabi/4.9.3/armv7-m/crtend.o
 .ARM.attributes
                0x0000000000000318       0x1d /Developer/Tools/gcc-arm-none-eabi-4_9-2015q1/bin/../lib/gcc/arm-none-eabi/4.9.3/armv7-m/crtn.o

.comment        0x0000000000000000       0x70
 .comment       0x0000000000000000       0x70 src/dialog_choice_window.c.14.o
                                         0x71 (size before relaxing)
 .comment       0x0000000000000000       0x71 src/xadow_index_window.c.14.o
 .comment       0x0000000000000000       0x71 basalt/appinfo.auto.c.14.o

.debug_info     0x0000000000000000     0x2484
 .debug_info    0x0000000000000000      0xe18 src/dialog_choice_window.c.14.o
 .debug_info    0x0000000000000e18     0x1373 src/xadow_index_window.c.14.o
 .debug_info    0x000000000000218b      0x2f9 basalt/appinfo.auto.c.14.o

.debug_abbrev   0x0000000000000000      0x6e3
 .debug_abbrev  0x0000000000000000      0x287 src/dialog_choice_window.c.14.o
 .debug_abbrev  0x0000000000000287      0x3be src/xadow_index_window.c.14.o
 .debug_abbrev  0x0000000000000645       0x9e basalt/appinfo.auto.c.14.o

.debug_loc      0x0000000000000000      0x734
 .debug_loc     0x0000000000000000      0x260 src/dialog_choice_window.c.14.o
 .debug_loc     0x0000000000000260      0x4d4 src/xadow_index_window.c.14.o

.debug_aranges  0x0000000000000000      0x110
 .debug_aranges
                0x0000000000000000       0x50 src/dialog_choice_window.c.14.o
 .debug_aranges
                0x0000000000000050       0xa8 src/xadow_index_window.c.14.o
 .debug_aranges
                0x00000000000000f8       0x18 basalt/appinfo.auto.c.14.o

.debug_ranges   0x0000000000000000      0x120
 .debug_ranges  0x0000000000000000       0x40 src/dialog_choice_window.c.14.o
 .debug_ranges  0x0000000000000040       0xe0 src/xadow_index_window.c.14.o

.debug_line     0x0000000000000000      0x79f
 .debug_line    0x0000000000000000      0x26a src/dialog_choice_window.c.14.o
 .debug_line    0x000000000000026a      0x3d9 src/xadow_index_window.c.14.o
 .debug_line    0x0000000000000643      0x15c basalt/appinfo.auto.c.14.o

.debug_str      0x0000000000000000      0xfdc
 .debug_str     0x0000000000000000      0x9b5 src/dialog_choice_window.c.14.o
                                        0xa79 (size before relaxing)
 .debug_str     0x00000000000009b5      0x4bc src/xadow_index_window.c.14.o
                                        0xb7e (size before relaxing)
 .debug_str     0x0000000000000e71      0x16b basalt/appinfo.auto.c.14.o
                                        0x3a1 (size before relaxing)

.debug_frame    0x0000000000000000      0x444
 .debug_frame   0x0000000000000000       0xe4 src/dialog_choice_window.c.14.o
 .debug_frame   0x00000000000000e4      0x234 src/xadow_index_window.c.14.o
 .debug_frame   0x0000000000000318       0x28 /Developer/Tools/gcc-arm-none-eabi-4_9-2015q1/bin/../lib/gcc/arm-none-eabi/4.9.3/../../../../arm-none-eabi/lib/armv7-m/libc.a(lib_a-exit.o)
 .debug_frame   0x0000000000000340       0x2c /Developer/Tools/gcc-arm-none-eabi-4_9-2015q1/bin/../lib/gcc/arm-none-eabi/4.9.3/../../../../arm-none-eabi/lib/armv7-m/libc.a(lib_a-init.o)
 .debug_frame   0x000000000000036c       0x50 /Developer/Tools/gcc-arm-none-eabi-4_9-2015q1/bin/../lib/gcc/arm-none-eabi/4.9.3/../../../../arm-none-eabi/lib/armv7-m/libc.a(lib_a-__call_atexit.o)
 .debug_frame   0x00000000000003bc       0x20 /Developer/Tools/gcc-arm-none-eabi-4_9-2015q1/bin/../lib/gcc/arm-none-eabi/4.9.3/../../../../arm-none-eabi/lib/armv7-m/libc.a(lib_a-atexit.o)
 .debug_frame   0x00000000000003dc       0x34 /Developer/Tools/gcc-arm-none-eabi-4_9-2015q1/bin/../lib/gcc/arm-none-eabi/4.9.3/../../../../arm-none-eabi/lib/armv7-m/libc.a(lib_a-fini.o)
 .debug_frame   0x0000000000000410       0x34 /Developer/Tools/gcc-arm-none-eabi-4_9-2015q1/bin/../lib/gcc/arm-none-eabi/4.9.3/../../../../arm-none-eabi/lib/armv7-m/libc.a(lib_a-__atexit.o)
